Archive member included because of file (symbol)

pluto/plutolib.a(pluto.o)     build\gcc\obj/pluto/pluto_entry.o (pluto_pre_init)
pluto/plutolib.a(pluto_common.o)
                              build\gcc\obj/App/Pluto-Switch3-V1.0/app_task.o (pluto_get_seq)
pluto/plutolib.a(aps_common.o)
                              build\gcc\obj/App/Pluto-Switch3-V1.0/app_task.o (aps_set_listener)
pluto/plutolib.a(aps_output.o)
                              build\gcc\obj/App/Pluto-Switch3-V1.0/app_task.o (aps_req_send_command)
pluto/plutolib.a(aps_user.o)  pluto/plutolib.a(aps_output.o) (aps_start_fetch_user)
pluto/plutolib.a(lcl_output.o)
                              pluto/plutolib.a(aps_output.o) (lcl_req_Send_data)
pluto/plutolib.a(login.o)     pluto/plutolib.a(pluto.o) (login_set_user_psw)
pluto/plutolib.a(nwk_common.o)
                              build\gcc\obj/pluto/pluto_entry.o (socket_init)
pluto/plutolib.a(nwk_nib.o)   pluto/plutolib.a(login.o) (nwk_set_server_online_flag)
pluto/plutolib.a(nwk_output.o)
                              pluto/plutolib.a(lcl_output.o) (nwk_req_send_data)
pluto/plutolib.a(nwk_pre_input.o)
                              pluto/plutolib.a(nwk_common.o) (nwk_pre_input)
pluto/plutolib.a(nwk_route.o)
                              pluto/plutolib.a(nwk_output.o) (nwk_pakage_limit_get)
pluto/plutolib.a(osCore.o)    pluto/plutolib.a(pluto.o) (osInit)
pluto/plutolib.a(osLibc.o)    build\gcc\obj/App/Pluto-Switch3-V1.0/hal_MT.o (osMemcpy)
pluto/plutolib.a(osTimer.o)   build\gcc\obj/pluto/spiffs/w25qxx.o (osGetmsTimestamp)
pluto/plutolib.a(osTrace.o)   build\gcc\obj/App/Pluto-Switch3-V1.0/main.o (os_dbg_init)
pluto/plutolib.a(printf.o)    build\gcc\obj/pluto/json/cJSON.o (sprintf_)
pluto/plutolib.a(pdo_describe.o)
                              build\gcc\obj/App/Pluto-Switch3-V1.0/app_task.o (pdo_register_port)
pluto/plutolib.a(pdo_keys.o)  pluto/plutolib.a(lcl_output.o) (pdo_get_devcie_key)
pluto/plutolib.a(pdo_nib.o)   pluto/plutolib.a(pdo_describe.o) (pdo_set_version)
pluto/plutolib.a(pdo_record.o)
                              pluto/plutolib.a(aps_output.o) (pdo_save_alarm_record)
pluto/plutolib.a(pdo_scene.o)
                              pluto/plutolib.a(pluto.o) (pdo_scene_init)
pluto/plutolib.a(pdo_server.o)
                              pluto/plutolib.a(pluto.o) (pdo_load_server_info)
pluto/plutolib.a(pdo_update.o)
                              pluto/plutolib.a(pdo_describe.o) (pdo_set_bin_name)
pluto/plutolib.a(scene.o)     pluto/plutolib.a(pdo_scene.o) (Scene_CreateTask)
pluto/plutolib.a(scene_core.o)
                              pluto/plutolib.a(scene.o) (Scene_GetTaskBlock)
pluto/plutolib.a(scene_do.o)  pluto/plutolib.a(scene_core.o) (Scene_Send)
pluto/plutolib.a(scene_lib.o)
                              pluto/plutolib.a(scene_core.o) (Scene_ISNUM)
pluto/plutolib.a(scene_message.o)
                              pluto/plutolib.a(aps_output.o) (Scene_InputDevMsg)
pluto/plutolib.a(scene_reason.o)
                              pluto/plutolib.a(scene_core.o) (Scene_CheckReasons)
pluto/plutolib.a(aID.o)       pluto/plutolib.a(scene_do.o) (pluto_get_data_type)
pluto/plutolib.a(aps_input.o)
                              pluto/plutolib.a(lcl_output.o) (aps_send_status_cb)
pluto/plutolib.a(lcl_common.o)
                              pluto/plutolib.a(lcl_output.o) (lcl_expand_data_length)
pluto/plutolib.a(lcl_crypto.o)
                              pluto/plutolib.a(lcl_output.o) (lcl_encrypt_data)
pluto/plutolib.a(nwk_input.o)
                              pluto/plutolib.a(nwk_output.o) (nwk_input)
pluto/plutolib.a(pdo.o)       pluto/plutolib.a(aps_input.o) (pdo_command_handle)
pluto/plutolib.a(pdo_file_system.o)
                              pluto/plutolib.a(pdo_scene.o) (pdo_get_file_name)
pluto/plutolib.a(pdo_utb.o)   pluto/plutolib.a(aps_input.o) (utb_check_enable_port)
pluto/plutolib.a(lcl_aes.o)   pluto/plutolib.a(lcl_crypto.o) (AES_init_ctx_iv)
pluto/plutolib.a(lcl_input.o)
                              pluto/plutolib.a(nwk_input.o) (lcl_input_message)
libs/gcc/app_start.lib(gpio.o)
                              build\gcc\obj/App/Pluto-Switch3-V1.0/hal_i2c.o (Ql_GPIO_Init)
libs/gcc/app_start.lib(memory.o)
                              build\gcc\obj/ril/src/ril_lwm2m.o (Ql_MEM_Alloc)
libs/gcc/app_start.lib(ql_func.o)
                              libs/gcc/app_start.lib(memory.o) (api_notsup)
libs/gcc/app_start.lib(ql_main.o)
                              build\gcc\obj/ril/src/ril_atResponse.o (Ql_sscanf)
libs/gcc/app_start.lib(ril_aux.o)
                              build\gcc\obj/App/Pluto-Switch3-V1.0/config/sys_config.o (proc_reserved2)
libs/gcc/app_start.lib(ril_main.o)
                              build\gcc\obj/App/Pluto-Switch3-V1.0/main.o (Ql_RIL_Initialize)
libs/gcc/app_start.lib(spi.o)
                              build\gcc\obj/pluto/spiffs/hal_spi.o (Ql_SPI_Init)
libs/gcc/app_start.lib(stdlib_func.o)
[...]
Memory Configuration

Name             Origin             Length             Attributes
ROM              0x08292040         0x00032000         xr
RAM              0x001e7000         0x00019000         xrw
*default*        0x00000000         0xffffffff

Linker script and memory map

                0x08292040                . = 0x8292040

.initdata       0x08292040       0x2c
                0x08292040                . = ALIGN (0x4)
 *(.initdata)
 .initdata      0x08292040       0x2c libs/gcc/app_start.lib(ql_main.o)
                0x08292040                GADLENTRY

text            0x08292070    0x15700
                0x08292070                . = ALIGN (0x4)
 *(.text.*)
 .text.Ql_RIL_AT_SetErrCode
                0x08292070        0xc build\gcc\obj/ril/src/ril_atResponse.o
                0x08292070                Ql_RIL_AT_SetErrCode
 .text.Default_atRsp_callback
                0x0829207c       0xec build\gcc\obj/ril/src/ril_atResponse.o
                0x0829207c                Default_atRsp_callback
 .text.DFOTA_Analysis
                0x08292168      0x104 build\gcc\obj/ril/src/ril_dfota.o
                0x08292168                DFOTA_Analysis
 .text.Dfota_Upgrade_States
                0x0829226c        0x2 build\gcc\obj/ril/src/ril_dfota.o
                0x0829226c                Dfota_Upgrade_States
 .text.RIL_GetInitCmdCnt
                0x0829226e        0x4 build\gcc\obj/ril/src/ril_init.o
                0x0829226e                RIL_GetInitCmdCnt
 .text.RIL_GetLimitedCmdCnt
                0x08292272        0x4 build\gcc\obj/ril/src/ril_init.o
                0x08292272                RIL_GetLimitedCmdCnt
 *fill*         0x08292276        0x2 
 .text.ATResponse_CEREG_Handler
                0x08292278       0x84 build\gcc\obj/ril/src/ril_network.o
 .text.RIL_SIM_GetSimStateByName
                0x082922fc       0xc8 build\gcc\obj/ril/src/ril_network.o
                0x082922fc                RIL_SIM_GetSimStateByName
 .text.RIL_NW_GetEGPRSState
                0x082923c4       0x4c build\gcc\obj/ril/src/ril_network.o
                0x082923c4                RIL_NW_GetEGPRSState
 .text.ATRsp_Soc_Qiopen_Handler
                0x08292410       0xd4 build\gcc\obj/ril/src/ril_socket.o
 .text.ATRsp_Soc_Qird_Handler
                0x082924e4      0x114 build\gcc\obj/ril/src/ril_socket.o
 .text.ATRsp_Soc_Qisend_Handler
                0x082925f8       0x5c build\gcc\obj/ril/src/ril_socket.o
 .text.ATResponse_Handler
                0x08292654       0x5c build\gcc\obj/ril/src/ril_socket.o
 .text.ATRsp_Soc_Qiclose_Handler
                0x082926b0       0x4c build\gcc\obj/ril/src/ril_socket.o
 .text.RIL_SOC_QIOPEN
                0x082926fc       0xfc build\gcc\obj/ril/src/ril_socket.o
                0x082926fc                RIL_SOC_QIOPEN
 .text.RIL_SOC_QISENDEX
                0x082927f8       0x74 build\gcc\obj/ril/src/ril_socket.o
                0x082927f8                RIL_SOC_QISENDEX
 .text.RIL_SOC_QIRD
                0x0829286c       0xc8 build\gcc\obj/ril/src/ril_socket.o
                0x0829286c                RIL_SOC_QIRD
 .text.RIL_SOC_QICFG_FORMAT
                0x08292934       0x60 build\gcc\obj/ril/src/ril_socket.o
                0x08292934                RIL_SOC_QICFG_FORMAT
 .text.RIL_SOC_QICLOSE
                0x08292994       0x4c build\gcc\obj/ril/src/ril_socket.o
                0x08292994                RIL_SOC_QICLOSE
 .text.open_socket_rd_param_parse_cmd
                0x082929e0      0x160 build\gcc\obj/ril/src/ril_system.o
                0x082929e0                open_socket_rd_param_parse_cmd
 .text.QSDK_Get_Str
                0x08292b40       0x78 build\gcc\obj/ril/src/ril_system.o
                0x08292b40                QSDK_Get_Str
 .text.open_socket_push_json_param_parse_cmd
                0x08292bb8      0x128 build\gcc\obj/ril/src/ril_system.o
                0x08292bb8                open_socket_push_json_param_parse_cmd
 .text.open_lwm2m_param_parse_cmd
                0x08292ce0      0x130 build\gcc\obj/ril/src/ril_system.o
                0x08292ce0                open_lwm2m_param_parse_cmd
 .text.open_onenet_push_param_parse_cmd
                0x08292e10      0x170 build\gcc\obj/ril/src/ril_system.o
                0x08292e10                open_onenet_push_param_parse_cmd
 .text.OnURCHandler_DFOTA_Hander
                0x08292f80       0x3c build\gcc\obj/ril/src/ril_urc.o
 .text.OnURCHandler_ONENET_EXECUTE
                0x08292fbc      0x104 build\gcc\obj/ril/src/ril_urc.o
 .text.OnURCHandler_ONENET_READ
                0x082930c0       0xdc build\gcc\obj/ril/src/ril_urc.o
 .text.OnURCHandler_ONENET_DISCOVER
                0x0829319c       0xac build\gcc\obj/ril/src/ril_urc.o
 .text.OnURCHandler_ONENET_OBSERVER
                0x08293248       0xf0 build\gcc\obj/ril/src/ril_urc.o
 .text.OnURCHandler_ONENET_EVENT
                0x08293338       0xf8 build\gcc\obj/ril/src/ril_urc.o
 .text.OnURCHandler_LwM2M_OBSERVE
                0x08293430       0xc4 build\gcc\obj/ril/src/ril_urc.o
 .text.OnURCHandler_NbiotEvent
                0x082934f4       0x3c build\gcc\obj/ril/src/ril_urc.o
 .text.OnURCHandler_CFUN
                0x08293530       0x70 build\gcc\obj/ril/src/ril_urc.o
 .text.OnURCHandler_Network
                0x082935a0       0x80 build\gcc\obj/ril/src/ril_urc.o
 .text.OnURCHandler_ONENET_WRITE
                0x08293620      0x14c build\gcc\obj/ril/src/ril_urc.o
 .text.OnURCHandler_LwM2M_RECV_DATA
                0x0829376c       0xec build\gcc\obj/ril/src/ril_urc.o
 .text.OnURCHandler_QIURC_DATA
                0x08293858      0x160 build\gcc\obj/ril/src/ril_urc.o
 .text.OnURCHandler_SIM
                0x082939b8       0x90 build\gcc\obj/ril/src/ril_urc.o
 .text.OnURCHandler
                0x08293a48       0x70 build\gcc\obj/ril/src/ril_urc.o
                0x08293a48                OnURCHandler
 .text.Ql_RIL_IsURCStr
                0x08293ab8       0x40 build\gcc\obj/ril/src/ril_urc.o
                0x08293ab8                Ql_RIL_IsURCStr
 .text.Ql_StrPrefixMatch
                0x08293af8       0x28 build\gcc\obj/ril/src/ril_util.o
                0x08293af8                Ql_StrPrefixMatch
 .text.Ql_StrToUpper
                0x08293b20       0x28 build\gcc\obj/ril/src/ril_util.o
                0x08293b20                Ql_StrToUpper
 .text.Ql_RIL_FindString
                0x08293b48       0x50 build\gcc\obj/ril/src/ril_util.o
                0x08293b48                Ql_RIL_FindString
 .text.Ql_RIL_FindLine
                0x08293b98      0x154 build\gcc\obj/ril/src/ril_util.o
                0x08293b98                Ql_RIL_FindLine
 .text.factory_reset
                0x08293cec       0x30 build\gcc\obj/App/Pluto-Switch3-V1.0/app_task.o
 .text.read_sensor
                0x08293d1c       0x5c build\gcc\obj/App/Pluto-Switch3-V1.0/app_task.o
 .text.app_task
                0x08293d78      0x2e0 build\gcc\obj/App/Pluto-Switch3-V1.0/app_task.o
 .text.read_rssi
                0x08294058       0x10 build\gcc\obj/App/Pluto-Switch3-V1.0/app_task.o
 .text.app_login_state_cb
                0x08294068      0x128 build\gcc\obj/App/Pluto-Switch3-V1.0/app_task.o
 .text.recieve_message
                0x08294190      0x15c build\gcc\obj/App/Pluto-Switch3-V1.0/app_task.o
 .text.app_task_init
                0x082942ec       0x98 build\gcc\obj/App/Pluto-Switch3-V1.0/app_task.o
                0x082942ec                app_task_init
 .text.bc26_receive_process
                0x08294384      0x278 build\gcc\obj/App/Pluto-Switch3-V1.0/bc26_init.o
 .text.bc26_receive_rssi_cb
                0x082945fc       0x78 build\gcc\obj/App/Pluto-Switch3-V1.0/bc26_init.o
 .text.bc26_task
                0x08294674      0x1f0 build\gcc\obj/App/Pluto-Switch3-V1.0/bc26_init.o
 .text.bc26_init
                0x08294864       0x2c build\gcc\obj/App/Pluto-Switch3-V1.0/bc26_init.o
                0x08294864                bc26_init
 .text.bc26_query_rssi
                0x08294890       0x74 build\gcc\obj/App/Pluto-Switch3-V1.0/bc26_init.o
                0x08294890                bc26_query_rssi
 .text.response_service_info
                0x08294904       0x34 build\gcc\obj/App/Pluto-Switch3-V1.0/factory_settings.o
 .text.mt_command_receive_cb
                0x08294938      0x104 build\gcc\obj/App/Pluto-Switch3-V1.0/factory_settings.o
 .text.factory_task
                0x08294a3c       0x30 build\gcc\obj/App/Pluto-Switch3-V1.0/factory_settings.o
 .text.factory_init
                0x08294a6c       0x28 build\gcc\obj/App/Pluto-Switch3-V1.0/factory_settings.o
                0x08294a6c                factory_init
 .text.HTU21DInit
                0x08294a94       0x34 build\gcc\obj/App/Pluto-Switch3-V1.0/Hal_HTU.o
                0x08294a94                HTU21DInit
 .text.HTU21DWork
                0x08294ac8       0xc4 build\gcc\obj/App/Pluto-Switch3-V1.0/Hal_HTU.o
                0x08294ac8                HTU21DWork
 .text.I2C_SDA_1
                0x08294b8c       0x20 build\gcc\obj/App/Pluto-Switch3-V1.0/hal_i2c.o
 .text.I2C_SCL_1
                0x08294bac       0x20 build\gcc\obj/App/Pluto-Switch3-V1.0/hal_i2c.o
 .text.I2C_SDA_0
                0x08294bcc       0x20 build\gcc\obj/App/Pluto-Switch3-V1.0/hal_i2c.o
 .text.I2C_SCL_0
                0x08294bec       0x20 build\gcc\obj/App/Pluto-Switch3-V1.0/hal_i2c.o
 .text.I2C_SDA_READ
                0x08294c0c       0x20 build\gcc\obj/App/Pluto-Switch3-V1.0/hal_i2c.o
 .text.Hal_I2C_Init
                0x08294c2c       0x30 build\gcc\obj/App/Pluto-Switch3-V1.0/hal_i2c.o
                0x08294c2c                Hal_I2C_Init
 .text.Hal_I2C_Start
                0x08294c5c       0x24 build\gcc\obj/App/Pluto-Switch3-V1.0/hal_i2c.o
                0x08294c5c                Hal_I2C_Start
 .text.Hal_I2C_Stop
                0x08294c80       0x24 build\gcc\obj/App/Pluto-Switch3-V1.0/hal_i2c.o
                0x08294c80                Hal_I2C_Stop
 .text.Hal_I2C_WriteByte
                0x08294ca4       0x54 build\gcc\obj/App/Pluto-Switch3-V1.0/hal_i2c.o
                0x08294ca4                Hal_I2C_WriteByte
 .text.Hal_I2C_ReadByte
                0x08294cf8       0x5c build\gcc\obj/App/Pluto-Switch3-V1.0/hal_i2c.o
                0x08294cf8                Hal_I2C_ReadByte
 .text.hal_key_init
                0x08294d54       0x24 build\gcc\obj/App/Pluto-Switch3-V1.0/hal_key.o
                0x08294d54                hal_key_init
 .text.hal_key_keeptime
                0x08294d78        0xc build\gcc\obj/App/Pluto-Switch3-V1.0/hal_key.o
                0x08294d78                hal_key_keeptime
 .text.hal_get_key
                0x08294d84       0x70 build\gcc\obj/App/Pluto-Switch3-V1.0/hal_key.o
                0x08294d84                hal_get_key
 .text.hal_lamp_set
                0x08294df4       0x5c build\gcc\obj/App/Pluto-Switch3-V1.0/hal_lamp.o
                0x08294df4                hal_lamp_set
 .text.hal_lamp_init
                0x08294e50       0x34 build\gcc\obj/App/Pluto-Switch3-V1.0/hal_lamp.o
                0x08294e50                hal_lamp_init
 .text.hal_lamp_tolgle
                0x08294e84       0x6c build\gcc\obj/App/Pluto-Switch3-V1.0/hal_lamp.o
                0x08294e84                hal_lamp_tolgle
 .text.hal_lamp_get
                0x08294ef0       0x40 build\gcc\obj/App/Pluto-Switch3-V1.0/hal_lamp.o
                0x08294ef0                hal_lamp_get
 .text.hal_led_set
                0x08294f30       0x18 build\gcc\obj/App/Pluto-Switch3-V1.0/hal_led.o
                0x08294f30                hal_led_set
 .text.hal_led_init
                0x08294f48       0x2c build\gcc\obj/App/Pluto-Switch3-V1.0/hal_led.o
                0x08294f48                hal_led_init
 .text.hal_led_task
                0x08294f74       0x5c build\gcc\obj/App/Pluto-Switch3-V1.0/hal_led.o
                0x08294f74                hal_led_task
 .text.hal_led_blink
                0x08294fd0       0x84 build\gcc\obj/App/Pluto-Switch3-V1.0/hal_led.o
                0x08294fd0                hal_led_blink
 .text.read_package
                0x08295054       0xdc build\gcc\obj/App/Pluto-Switch3-V1.0/hal_MT.o
 .text.hal_mt_init
                0x08295130        0xc build\gcc\obj/App/Pluto-Switch3-V1.0/hal_MT.o
                0x08295130                hal_mt_init
 .text.hal_mt_input_bytes
                0x0829513c       0x38 build\gcc\obj/App/Pluto-Switch3-V1.0/hal_MT.o
                0x0829513c                hal_mt_input_bytes
 .text.hal_mt_poll
                0x08295174       0x54 build\gcc\obj/App/Pluto-Switch3-V1.0/hal_MT.o
                0x08295174                hal_mt_poll
 .text.hal_mt_write
                0x082951c8       0x80 build\gcc\obj/App/Pluto-Switch3-V1.0/hal_MT.o
                0x082951c8                hal_mt_write
 .text.uart_int_handler
                0x08295248        0x2 build\gcc\obj/App/Pluto-Switch3-V1.0/hal_uart.o
 *fill*         0x0829524a        0x2 
 .text.hal_uart_init
                0x0829524c       0x60 build\gcc\obj/App/Pluto-Switch3-V1.0/hal_uart.o
                0x0829524c                hal_uart_init
 .text.hal_uart_send
                0x082952ac       0x14 build\gcc\obj/App/Pluto-Switch3-V1.0/hal_uart.o
                0x082952ac                hal_uart_send
 .text.hal_uart_read
                0x082952c0       0x14 build\gcc\obj/App/Pluto-Switch3-V1.0/hal_uart.o
                0x082952c0                hal_uart_read
 .text.proc_main_task
                0x082952d4       0x64 build\gcc\obj/App/Pluto-Switch3-V1.0/main.o
                0x082952d4                proc_main_task
 .text.pluto_task
                0x08295338       0x34 build\gcc\obj/pluto/pluto_entry.o
 .text.pluto_init
                0x0829536c       0x30 build\gcc\obj/pluto/pluto_entry.o
                0x0829536c                pluto_init
 .text.pluto_registe_led
                0x0829539c        0xc build\gcc\obj/pluto/pluto_entry.o
                0x0829539c                pluto_registe_led
 .text.init_file_system
                0x082953a8       0x5c build\gcc\obj/pluto/fs/pluto_file_system.o
 .text.get_file_size
                0x08295404       0x28 build\gcc\obj/pluto/fs/pluto_file_system.o
 .text.pluto_read_text_file
                0x0829542c       0x9c build\gcc\obj/pluto/fs/pluto_file_system.o
                0x0829542c                pluto_read_text_file
 .text.pluto_get_file_length
                0x082954c8       0x1c build\gcc\obj/pluto/fs/pluto_file_system.o
                0x082954c8                pluto_get_file_length
 .text.pluto_read_file
                0x082954e4       0xa8 build\gcc\obj/pluto/fs/pluto_file_system.o
                0x082954e4                pluto_read_file
 .text.pluto_get_file_name
                0x0829558c       0xd0 build\gcc\obj/pluto/fs/pluto_file_system.o
                0x0829558c                pluto_get_file_name
 .text.pluto_delete_file
                0x0829565c       0x20 build\gcc\obj/pluto/fs/pluto_file_system.o
                0x0829565c                pluto_delete_file
 .text.pluto_write_text_file
                0x0829567c       0xa8 build\gcc\obj/pluto/fs/pluto_file_system.o
                0x0829567c                pluto_write_text_file
 .text.pluto_write_file
                0x08295724       0x94 build\gcc\obj/pluto/fs/pluto_file_system.o
                0x08295724                pluto_write_file
 .text.pluto_disk_format
                0x082957b8       0x18 build\gcc\obj/pluto/fs/pluto_file_system.o
                0x082957b8                pluto_disk_format
 .text.pluto_rename
                0x082957d0       0x28 build\gcc\obj/pluto/fs/pluto_file_system.o
                0x082957d0                pluto_rename
 .text.pluto_write_sn
                0x082957f8       0xc4 build\gcc\obj/pluto/fs/pluto_file_system.o
                0x082957f8                pluto_write_sn
 .text.pluto_read_sn
                0x082958bc       0x84 build\gcc\obj/pluto/fs/pluto_file_system.o
                0x082958bc                pluto_read_sn
 .text.parse_hex4
                0x08295940       0xb2 build\gcc\obj/pluto/json/cJSON.o
 .text.skip     0x082959f2       0x14 build\gcc\obj/pluto/json/cJSON.o
 *fill*         0x08295a06        0x2 
 .text.parse_string
                0x08295a08      0x194 build\gcc\obj/pluto/json/cJSON.o
 .text.cJSON_New_Item
                0x08295b9c       0x20 build\gcc\obj/pluto/json/cJSON.o
 .text.cJSON_strdup
                0x08295bbc       0x2c build\gcc\obj/pluto/json/cJSON.o
 .text.update   0x08295be8       0x1c build\gcc\obj/pluto/json/cJSON.o
 .text.parse_value
                0x08295c04      0x244 build\gcc\obj/pluto/json/cJSON.o
 .text.ensure   0x08295e48       0x70 build\gcc\obj/pluto/json/cJSON.o
 .text.print_string_ptr
                0x08295eb8      0x164 build\gcc\obj/pluto/json/cJSON.o
 .text.print_number.isra.2
                0x0829601c       0x60 build\gcc\obj/pluto/json/cJSON.o
 .text.print_array.isra.6
                0x0829607c      0x1f4 build\gcc\obj/pluto/json/cJSON.o
 .text.print_value
                0x08296270       0xec build\gcc\obj/pluto/json/cJSON.o
 .text.print_object.isra.5
                0x0829635c      0x3e4 build\gcc\obj/pluto/json/cJSON.o
 .text.cJSON_tolower
                0x08296740        0xe build\gcc\obj/pluto/json/cJSON.o
                0x08296740                cJSON_tolower
 *fill*         0x0829674e        0x2 
 .text.cJSON_strcasecmp
                0x08296750       0x4c build\gcc\obj/pluto/json/cJSON.o
 .text.cJSON_GetErrorPtr
                0x0829679c        0xc build\gcc\obj/pluto/json/cJSON.o
                0x0829679c                cJSON_GetErrorPtr
 .text.cJSON_Delete
                0x082967a8       0x2c build\gcc\obj/pluto/json/cJSON.o
                0x082967a8                cJSON_Delete
 .text.cJSON_ParseWithOpts
                0x082967d4       0x78 build\gcc\obj/pluto/json/cJSON.o
                0x082967d4                cJSON_ParseWithOpts
 .text.cJSON_Parse
                0x0829684c       0x10 build\gcc\obj/pluto/json/cJSON.o
                0x0829684c                cJSON_Parse
 .text.cJSON_Print
                0x0829685c       0x14 build\gcc\obj/pluto/json/cJSON.o
                0x0829685c                cJSON_Print
 .text.cJSON_GetArraySize
                0x08296870        0xe build\gcc\obj/pluto/json/cJSON.o
                0x08296870                cJSON_GetArraySize
 .text.cJSON_GetArrayItem
                0x0829687e       0x10 build\gcc\obj/pluto/json/cJSON.o
                0x0829687e                cJSON_GetArrayItem
 *fill*         0x0829688e        0x2 
 .text.cJSON_GetObjectItem
                0x08296890       0x20 build\gcc\obj/pluto/json/cJSON.o
                0x08296890                cJSON_GetObjectItem
 .text.cJSON_AddItemToArray
                0x082968b0       0x18 build\gcc\obj/pluto/json/cJSON.o
                0x082968b0                cJSON_AddItemToArray
 .text.cJSON_AddItemToObject
                0x082968c8       0x30 build\gcc\obj/pluto/json/cJSON.o
                0x082968c8                cJSON_AddItemToObject
 .text.cJSON_DetachItemFromArray
                0x082968f8       0x32 build\gcc\obj/pluto/json/cJSON.o
                0x082968f8                cJSON_DetachItemFromArray
 *fill*         0x0829692a        0x2 
 .text.cJSON_DeleteItemFromArray
                0x0829692c       0x14 build\gcc\obj/pluto/json/cJSON.o
                0x0829692c                cJSON_DeleteItemFromArray
 .text.cJSON_DetachItemFromObject
                0x08296940       0x34 build\gcc\obj/pluto/json/cJSON.o
                0x08296940                cJSON_DetachItemFromObject
 .text.cJSON_DeleteItemFromObject
                0x08296974       0x14 build\gcc\obj/pluto/json/cJSON.o
                0x08296974                cJSON_DeleteItemFromObject
 .text.cJSON_CreateNumber
                0x08296988       0x18 build\gcc\obj/pluto/json/cJSON.o
                0x08296988                cJSON_CreateNumber
 .text.cJSON_CreateString
                0x082969a0       0x24 build\gcc\obj/pluto/json/cJSON.o
                0x082969a0                cJSON_CreateString
 .text.cJSON_CreateArray
                0x082969c4       0x14 build\gcc\obj/pluto/json/cJSON.o
                0x082969c4                cJSON_CreateArray
 .text.cJSON_CreateObject
                0x082969d8       0x14 build\gcc\obj/pluto/json/cJSON.o
                0x082969d8                cJSON_CreateObject
 .text.tcp_socket_deinit
                0x082969ec        0x4 build\gcc\obj/pluto/socket/tcp_socket.o
                0x082969ec                tcp_socket_deinit
 .text.tcp_socket_init
                0x082969f0        0x4 build\gcc\obj/pluto/socket/tcp_socket.o
                0x082969f0                tcp_socket_init
 .text.tcp_socket_send
                0x082969f4        0x4 build\gcc\obj/pluto/socket/tcp_socket.o
                0x082969f4                tcp_socket_send
 .text.socket_task
                0x082969f8      0x15c build\gcc\obj/pluto/socket/udp_socket.o
 .text.udp_socket_deinit
                0x08296b54       0x48 build\gcc\obj/pluto/socket/udp_socket.o
                0x08296b54                udp_socket_deinit
 .text.udp_socket_init
                0x08296b9c       0x60 build\gcc\obj/pluto/socket/udp_socket.o
                0x08296b9c                udp_socket_init
 .text.udp_socket_send
                0x08296bfc       0x6c build\gcc\obj/pluto/socket/udp_socket.o
                0x08296bfc                udp_socket_send
 .text.proc_udp_task
                0x08296c68       0xa8 build\gcc\obj/pluto/socket/udp_socket.o
                0x08296c68                proc_udp_task
 .text.spiffs_mount
                0x08296d10       0x80 build\gcc\obj/pluto/spiffs/fs_entry.o
 .text.spifs_init
                0x08296d90       0x8c build\gcc\obj/pluto/spiffs/fs_entry.o
                0x08296d90                spifs_init
 .text.spifs_format
                0x08296e1c       0x40 build\gcc\obj/pluto/spiffs/fs_entry.o
                0x08296e1c                spifs_format
 .text.spifs_open
                0x08296e5c       0x1c build\gcc\obj/pluto/spiffs/fs_entry.o
                0x08296e5c                spifs_open
 .text.spifs_close
                0x08296e78       0x14 build\gcc\obj/pluto/spiffs/fs_entry.o
                0x08296e78                spifs_close
 .text.spifs_write
                0x08296e8c       0x1c build\gcc\obj/pluto/spiffs/fs_entry.o
                0x08296e8c                spifs_write
 .text.spifs_read
                0x08296ea8       0x1c build\gcc\obj/pluto/spiffs/fs_entry.o
                0x08296ea8                spifs_read
 .text.spifs_stat
                0x08296ec4       0x18 build\gcc\obj/pluto/spiffs/fs_entry.o
                0x08296ec4                spifs_stat
 .text.spifs_opendir
                0x08296edc       0x18 build\gcc\obj/pluto/spiffs/fs_entry.o
                0x08296edc                spifs_opendir
 .text.spifs_readdir
                0x08296ef4        0xc build\gcc\obj/pluto/spiffs/fs_entry.o
                0x08296ef4                spifs_readdir
 .text.spifs_closedir
                0x08296f00        0xc build\gcc\obj/pluto/spiffs/fs_entry.o
                0x08296f00                spifs_closedir
 .text.spifs_remove
                0x08296f0c       0x14 build\gcc\obj/pluto/spiffs/fs_entry.o
                0x08296f0c                spifs_remove
 .text.spifs_rename
                0x08296f20       0x18 build\gcc\obj/pluto/spiffs/fs_entry.o
                0x08296f20                spifs_rename
 .text.spifs_info
                0x08296f38       0x18 build\gcc\obj/pluto/spiffs/fs_entry.o
                0x08296f38                spifs_info
 .text.hal_spi_init
                0x08296f50       0xac build\gcc\obj/pluto/spiffs/hal_spi.o
                0x08296f50                hal_spi_init
 .text.hal_spi_cs
                0x08296ffc       0x14 build\gcc\obj/pluto/spiffs/hal_spi.o
                0x08296ffc                hal_spi_cs
 .text.spiffs_cache_page_get
                0x08297010       0x48 build\gcc\obj/pluto/spiffs/spiffs_cache.o
 .text.spiffs_cache_page_free
                0x08297058       0x5e build\gcc\obj/pluto/spiffs/spiffs_cache.o
 .text.spiffs_cache_page_allocate
                0x082970b6       0x36 build\gcc\obj/pluto/spiffs/spiffs_cache.o
 .text.spiffs_cache_page_remove_oldest.constprop.0
                0x082970ec       0x68 build\gcc\obj/pluto/spiffs/spiffs_cache.o
 .text.spiffs_cache_drop_page
                0x08297154       0x20 build\gcc\obj/pluto/spiffs/spiffs_cache.o
                0x08297154                spiffs_cache_drop_page
 .text.spiffs_phys_rd
                0x08297174      0x120 build\gcc\obj/pluto/spiffs/spiffs_cache.o
                0x08297174                spiffs_phys_rd
 .text.spiffs_phys_wr
                0x08297294       0x9c build\gcc\obj/pluto/spiffs/spiffs_cache.o
                0x08297294                spiffs_phys_wr
 .text.spiffs_cache_page_get_by_fd
                0x08297330       0x42 build\gcc\obj/pluto/spiffs/spiffs_cache.o
                0x08297330                spiffs_cache_page_get_by_fd
 *fill*         0x08297372        0x2 
 .text.spiffs_cache_page_allocate_by_fd
                0x08297374       0x28 build\gcc\obj/pluto/spiffs/spiffs_cache.o
                0x08297374                spiffs_cache_page_allocate_by_fd
 .text.spiffs_cache_fd_release
                0x0829739c       0x38 build\gcc\obj/pluto/spiffs/spiffs_cache.o
                0x0829739c                spiffs_cache_fd_release
 .text.spiffs_cache_init
                0x082973d4       0x94 build\gcc\obj/pluto/spiffs/spiffs_cache.o
                0x082973d4                spiffs_cache_init
 .text.esp_spiffs_read
                0x08297468       0xb8 build\gcc\obj/pluto/spiffs/spiffs_flash_functions.o
                0x08297468                esp_spiffs_read
 .text.esp_spiffs_write
                0x08297520       0xcc build\gcc\obj/pluto/spiffs/spiffs_flash_functions.o
                0x08297520                esp_spiffs_write
 .text.esp_spiffs_erase
                0x082975ec       0x74 build\gcc\obj/pluto/spiffs/spiffs_flash_functions.o
                0x082975ec                esp_spiffs_erase
 .text.spiffs_gc_erase_block
                0x08297660       0x38 build\gcc\obj/pluto/spiffs/spiffs_gc.o
 .text.spiffs_gc_quick
                0x08297698      0x144 build\gcc\obj/pluto/spiffs/spiffs_gc.o
                0x08297698                spiffs_gc_quick
 .text.spiffs_gc_erase_page_stats
                0x082977dc       0xc0 build\gcc\obj/pluto/spiffs/spiffs_gc.o
                0x082977dc                spiffs_gc_erase_page_stats
 .text.spiffs_gc_find_candidate
                0x0829789c      0x208 build\gcc\obj/pluto/spiffs/spiffs_gc.o
                0x0829789c                spiffs_gc_find_candidate
 .text.spiffs_gc_clean
                0x08297aa4      0x510 build\gcc\obj/pluto/spiffs/spiffs_gc.o
                0x08297aa4                spiffs_gc_clean
 .text.spiffs_gc_check
                0x08297fb4      0x160 build\gcc\obj/pluto/spiffs/spiffs_gc.o
                0x08297fb4                spiffs_gc_check
 .text.spiffs_stat_pix
                0x08298114       0xac build\gcc\obj/pluto/spiffs/spiffs_hydrogen.o
 .text.spiffs_read_dir_v
                0x082981c0       0xa0 build\gcc\obj/pluto/spiffs/spiffs_hydrogen.o
 .text.spiffs_hydro_write.isra.0
                0x08298260       0x5c build\gcc\obj/pluto/spiffs/spiffs_hydrogen.o
 .text.spiffs_fflush_cache
                0x082982bc       0x6c build\gcc\obj/pluto/spiffs/spiffs_hydrogen.o
 .text.SPIFFS_format
                0x08298328       0x5c build\gcc\obj/pluto/spiffs/spiffs_hydrogen.o
                0x08298328                SPIFFS_format
 .text.SPIFFS_mount
                0x08298384       0xf8 build\gcc\obj/pluto/spiffs/spiffs_hydrogen.o
                0x08298384                SPIFFS_mount
 .text.SPIFFS_unmount
                0x0829847c       0x50 build\gcc\obj/pluto/spiffs/spiffs_hydrogen.o
                0x0829847c                SPIFFS_unmount
 .text.SPIFFS_open
                0x082984cc      0x150 build\gcc\obj/pluto/spiffs/spiffs_hydrogen.o
                0x082984cc                SPIFFS_open
 .text.SPIFFS_read
                0x0829861c       0xbc build\gcc\obj/pluto/spiffs/spiffs_hydrogen.o
                0x0829861c                SPIFFS_read
 .text.SPIFFS_write
                0x082986d8      0x198 build\gcc\obj/pluto/spiffs/spiffs_hydrogen.o
                0x082986d8                SPIFFS_write
 .text.SPIFFS_remove
                0x08298870       0xd4 build\gcc\obj/pluto/spiffs/spiffs_hydrogen.o
                0x08298870                SPIFFS_remove
 .text.SPIFFS_stat
                0x08298944       0x6c build\gcc\obj/pluto/spiffs/spiffs_hydrogen.o
                0x08298944                SPIFFS_stat
 .text.SPIFFS_close
                0x082989b0       0x48 build\gcc\obj/pluto/spiffs/spiffs_hydrogen.o
                0x082989b0                SPIFFS_close
 .text.SPIFFS_rename
                0x082989f8      0x110 build\gcc\obj/pluto/spiffs/spiffs_hydrogen.o
                0x082989f8                SPIFFS_rename
 .text.SPIFFS_opendir
                0x08298b08       0x34 build\gcc\obj/pluto/spiffs/spiffs_hydrogen.o
                0x08298b08                SPIFFS_opendir
 .text.SPIFFS_readdir
                0x08298b3c       0x68 build\gcc\obj/pluto/spiffs/spiffs_hydrogen.o
                0x08298b3c                SPIFFS_readdir
 .text.SPIFFS_closedir
                0x08298ba4       0x2c build\gcc\obj/pluto/spiffs/spiffs_hydrogen.o
                0x08298ba4                SPIFFS_closedir
 .text.SPIFFS_info
                0x08298bd0       0x5c build\gcc\obj/pluto/spiffs/spiffs_hydrogen.o
                0x08298bd0                SPIFFS_info
 .text.spiffs_obj_lu_find_id_and_span_v
                0x08298c2c       0x90 build\gcc\obj/pluto/spiffs/spiffs_nucleus.o
 .text.spiffs_page_index_check
                0x08298cbc       0xc8 build\gcc\obj/pluto/spiffs/spiffs_nucleus.o
 .text.spiffs_object_find_object_index_header_by_name_v
                0x08298d84       0x88 build\gcc\obj/pluto/spiffs/spiffs_nucleus.o
 .text.spiffs_obj_lu_find_free_obj_id_bitmap_v
                0x08298e0c       0xc4 build\gcc\obj/pluto/spiffs/spiffs_nucleus.o
 .text.spiffs_obj_lu_scan_v
                0x08298ed0       0x2c build\gcc\obj/pluto/spiffs/spiffs_nucleus.o
 .text.spiffs_update_ix_map.isra.1
                0x08298efc       0xe2 build\gcc\obj/pluto/spiffs/spiffs_nucleus.o
 .text.spiffs_hash.isra.2
                0x08298fde       0x1c build\gcc\obj/pluto/spiffs/spiffs_nucleus.o
 *fill*         0x08298ffa        0x2 
 .text.spiffs_page_data_check.isra.3
                0x08298ffc       0xbc build\gcc\obj/pluto/spiffs/spiffs_nucleus.o
 .text.spiffs_obj_lu_find_free_obj_id_compact_v
                0x082990b8       0xac build\gcc\obj/pluto/spiffs/spiffs_nucleus.o
 .text.spiffs_phys_cpy
                0x08299164       0x60 build\gcc\obj/pluto/spiffs/spiffs_nucleus.o
                0x08299164                spiffs_phys_cpy
 .text.spiffs_obj_lu_find_entry_visitor
                0x082991c4      0x1dc build\gcc\obj/pluto/spiffs/spiffs_nucleus.o
                0x082991c4                spiffs_obj_lu_find_entry_visitor
 .text.spiffs_erase_block
                0x082993a0       0xc8 build\gcc\obj/pluto/spiffs/spiffs_nucleus.o
                0x082993a0                spiffs_erase_block
 .text.spiffs_obj_lu_scan
                0x08299468      0x158 build\gcc\obj/pluto/spiffs/spiffs_nucleus.o
                0x08299468                spiffs_obj_lu_scan
 .text.spiffs_obj_lu_find_id
                0x082995c0       0x38 build\gcc\obj/pluto/spiffs/spiffs_nucleus.o
                0x082995c0                spiffs_obj_lu_find_id
 .text.spiffs_obj_lu_find_free
                0x082995f8       0x78 build\gcc\obj/pluto/spiffs/spiffs_nucleus.o
                0x082995f8                spiffs_obj_lu_find_free
 .text.spiffs_obj_lu_find_id_and_span
                0x08299670       0x8c build\gcc\obj/pluto/spiffs/spiffs_nucleus.o
                0x08299670                spiffs_obj_lu_find_id_and_span
 .text.spiffs_page_allocate_data
                0x082996fc      0x170 build\gcc\obj/pluto/spiffs/spiffs_nucleus.o
                0x082996fc                spiffs_page_allocate_data
 .text.spiffs_page_delete
                0x0829986c       0x88 build\gcc\obj/pluto/spiffs/spiffs_nucleus.o
                0x0829986c                spiffs_page_delete
 .text.spiffs_page_move
                0x082998f4      0x14c build\gcc\obj/pluto/spiffs/spiffs_nucleus.o
                0x082998f4                spiffs_page_move
 .text.spiffs_cb_object_event
                0x08299a40      0x160 build\gcc\obj/pluto/spiffs/spiffs_nucleus.o
                0x08299a40                spiffs_cb_object_event
 .text.spiffs_object_create
                0x08299ba0      0x168 build\gcc\obj/pluto/spiffs/spiffs_nucleus.o
                0x08299ba0                spiffs_object_create
 .text.spiffs_object_update_index_hdr
                0x08299d08      0x10c build\gcc\obj/pluto/spiffs/spiffs_nucleus.o
                0x08299d08                spiffs_object_update_index_hdr
 .text.spiffs_object_open_by_page
                0x08299e14       0xd8 build\gcc\obj/pluto/spiffs/spiffs_nucleus.o
                0x08299e14                spiffs_object_open_by_page
 .text.spiffs_object_append
                0x08299eec      0x5d0 build\gcc\obj/pluto/spiffs/spiffs_nucleus.o
                0x08299eec                spiffs_object_append
 .text.spiffs_object_modify
                0x0829a4bc      0x4e0 build\gcc\obj/pluto/spiffs/spiffs_nucleus.o
                0x0829a4bc                spiffs_object_modify
 .text.spiffs_object_find_object_index_header_by_name
                0x0829a99c       0x78 build\gcc\obj/pluto/spiffs/spiffs_nucleus.o
                0x0829a99c                spiffs_object_find_object_index_header_by_name
 .text.spiffs_object_truncate
                0x0829aa14      0x544 build\gcc\obj/pluto/spiffs/spiffs_nucleus.o
                0x0829aa14                spiffs_object_truncate
 .text.spiffs_object_read
                0x0829af58      0x214 build\gcc\obj/pluto/spiffs/spiffs_nucleus.o
                0x0829af58                spiffs_object_read
 .text.spiffs_obj_lu_find_free_obj_id
                0x0829b16c      0x180 build\gcc\obj/pluto/spiffs/spiffs_nucleus.o
                0x0829b16c                spiffs_obj_lu_find_free_obj_id
 .text.spiffs_fd_find_new
                0x0829b2ec       0xe4 build\gcc\obj/pluto/spiffs/spiffs_nucleus.o
                0x0829b2ec                spiffs_fd_find_new
 .text.spiffs_fd_return
                0x0829b3d0       0x38 build\gcc\obj/pluto/spiffs/spiffs_nucleus.o
                0x0829b3d0                spiffs_fd_return
 .text.spiffs_fd_get
                0x0829b408       0x38 build\gcc\obj/pluto/spiffs/spiffs_nucleus.o
                0x0829b408                spiffs_fd_get
 .text.spiffs_fd_temporal_cache_rehash
                0x0829b440       0x34 build\gcc\obj/pluto/spiffs/spiffs_nucleus.o
                0x0829b440                spiffs_fd_temporal_cache_rehash
 .text.W25qxx_WriteReadOneByte
                0x0829b474       0x24 build\gcc\obj/pluto/spiffs/w25qxx.o
                0x0829b474                W25qxx_WriteReadOneByte
 .text.W25qxx_WriteOneByte
                0x0829b498       0x1c build\gcc\obj/pluto/spiffs/w25qxx.o
                0x0829b498                W25qxx_WriteOneByte
 .text.W25qxx_ReadID
                0x0829b4b4       0x64 build\gcc\obj/pluto/spiffs/w25qxx.o
                0x0829b4b4                W25qxx_ReadID
 .text.W25qxx_ReadUniqID
                0x0829b518       0x54 build\gcc\obj/pluto/spiffs/w25qxx.o
                0x0829b518                W25qxx_ReadUniqID
 .text.W25qxx_WriteEnable
                0x0829b56c       0x28 build\gcc\obj/pluto/spiffs/w25qxx.o
                0x0829b56c                W25qxx_WriteEnable
 .text.W25qxx_ReadStatusRegister
                0x0829b594       0xa8 build\gcc\obj/pluto/spiffs/w25qxx.o
                0x0829b594                W25qxx_ReadStatusRegister
 .text.W25qxx_BlockUnlock
                0x0829b63c       0x6c build\gcc\obj/pluto/spiffs/w25qxx.o
                0x0829b63c                W25qxx_BlockUnlock
 .text.W25qxx_WaitForWriteEnd
                0x0829b6a8       0x40 build\gcc\obj/pluto/spiffs/w25qxx.o
                0x0829b6a8                W25qxx_WaitForWriteEnd
 .text.W25qxx_Init
                0x0829b6e8       0xdc build\gcc\obj/pluto/spiffs/w25qxx.o
                0x0829b6e8                W25qxx_Init
 .text.W25qxx_EraseSector
                0x0829b7c4       0x98 build\gcc\obj/pluto/spiffs/w25qxx.o
                0x0829b7c4                W25qxx_EraseSector
 .text.W25qxx_WritePage
                0x0829b85c       0xa8 build\gcc\obj/pluto/spiffs/w25qxx.o
                0x0829b85c                W25qxx_WritePage
 .text.W25qxx_WriteSector
                0x0829b904       0x74 build\gcc\obj/pluto/spiffs/w25qxx.o
                0x0829b904                W25qxx_WriteSector
 .text.W25qxx_ReadPage
                0x0829b978       0x98 build\gcc\obj/pluto/spiffs/w25qxx.o
                0x0829b978                W25qxx_ReadPage
 .text.W25qxx_ReadSector
                0x0829ba10       0x74 build\gcc\obj/pluto/spiffs/w25qxx.o
                0x0829ba10                W25qxx_ReadSector
 .text.pluto_pre_init
                0x0829ba84      0x128 pluto/plutolib.a(pluto.o)
                0x0829ba84                pluto_pre_init
 .text.pluto_start_server
                0x0829bbac       0x78 pluto/plutolib.a(pluto.o)
                0x0829bbac                pluto_start_server
 .text.reset_timer
                0x0829bc24       0x10 pluto/plutolib.a(pluto_common.o)
 .text.pluto_get_seq
                0x0829bc34       0x10 pluto/plutolib.a(pluto_common.o)
                0x0829bc34                pluto_get_seq
 .text.pluto_set_busy_mask
                0x0829bc44       0x1c pluto/plutolib.a(pluto_common.o)
                0x0829bc44                pluto_set_busy_mask
 .text.pluto_clear_busy_mask
                0x0829bc60       0x20 pluto/plutolib.a(pluto_common.o)
                0x0829bc60                pluto_clear_busy_mask
 .text.pluto_set_server_url
                0x0829bc80       0x14 pluto/plutolib.a(pluto_common.o)
                0x0829bc80                pluto_set_server_url
 .text.pluto_get_time_zone
                0x0829bc94        0xc pluto/plutolib.a(pluto_common.o)
                0x0829bc94                pluto_get_time_zone
 .text.pluto_set_time_zone
                0x0829bca0        0xc pluto/plutolib.a(pluto_common.o)
                0x0829bca0                pluto_set_time_zone
 .text.pluto_get_chip_id
                0x0829bcac        0x8 pluto/plutolib.a(pluto_common.o)
                0x0829bcac                pluto_get_chip_id
 .text.pluto_set_chip_id
                0x0829bcb4       0x18 pluto/plutolib.a(pluto_common.o)
                0x0829bcb4                pluto_set_chip_id
 .text.pluto_get_local_key
                0x0829bccc       0x40 pluto/plutolib.a(pluto_common.o)
                0x0829bccc                pluto_get_local_key
 .text.pluto_get_default_key
                0x0829bd0c        0x8 pluto/plutolib.a(pluto_common.o)
                0x0829bd0c                pluto_get_default_key
 .text.pluto_get_comkey
                0x0829bd14        0x8 pluto/plutolib.a(pluto_common.o)
                0x0829bd14                pluto_get_comkey
 .text.pluto_get_guestkey
                0x0829bd1c        0x8 pluto/plutolib.a(pluto_common.o)
                0x0829bd1c                pluto_get_guestkey
 .text.pluto_set_adminkey
                0x0829bd24       0x18 pluto/plutolib.a(pluto_common.o)
                0x0829bd24                pluto_set_adminkey
 .text.pluto_set_comkey
                0x0829bd3c       0x18 pluto/plutolib.a(pluto_common.o)
                0x0829bd3c                pluto_set_comkey
 .text.pluto_set_guestkey
                0x0829bd54       0x18 pluto/plutolib.a(pluto_common.o)
                0x0829bd54                pluto_set_guestkey
 .text.pluto_set_read_lqi_cb
                0x0829bd6c        0xc pluto/plutolib.a(pluto_common.o)
                0x0829bd6c                pluto_set_read_lqi_cb
 .text.pluto_get_device_lqi
                0x0829bd78       0x64 pluto/plutolib.a(pluto_common.o)
                0x0829bd78                pluto_get_device_lqi
 .text.pluto_reset_system
                0x0829bddc       0x24 pluto/plutolib.a(pluto_common.o)
                0x0829bddc                pluto_reset_system
 .text.aps_set_listener
                0x0829be00       0x10 pluto/plutolib.a(aps_common.o)
                0x0829be00                aps_set_listener
 .text.aps_package_get_lenth
                0x0829be10       0x10 pluto/plutolib.a(aps_common.o)
                0x0829be10                aps_package_get_lenth
 .text.aps_package
                0x0829be20       0x5c pluto/plutolib.a(aps_common.o)
                0x0829be20                aps_package
 .text.aps_package_status
                0x0829be7c       0x5c pluto/plutolib.a(aps_common.o)
                0x0829be7c                aps_package_status
 .text.aps_fetch_package
                0x0829bed8       0x54 pluto/plutolib.a(aps_common.o)
                0x0829bed8                aps_fetch_package
 .text.aps_package_get_data
                0x0829bf2c        0x4 pluto/plutolib.a(aps_common.o)
                0x0829bf2c                aps_package_get_data
 .text.aps_send
                0x0829bf30       0xcc pluto/plutolib.a(aps_output.o)
 .text.aps_output_task
                0x0829bffc      0x184 pluto/plutolib.a(aps_output.o)
 .text.aps_req_send_command
                0x0829c180       0xb4 pluto/plutolib.a(aps_output.o)
                0x0829c180                aps_req_send_command
 .text.aps_req_send_status
                0x0829c234       0xbc pluto/plutolib.a(aps_output.o)
                0x0829c234                aps_req_send_status
 .text.aps_req_report_command
                0x0829c2f0      0x150 pluto/plutolib.a(aps_output.o)
                0x0829c2f0                aps_req_report_command
 .text.aps_req_report_status
                0x0829c440       0xfc pluto/plutolib.a(aps_output.o)
                0x0829c440                aps_req_report_status
 .text.aps_remove_all_message
                0x0829c53c       0x5c pluto/plutolib.a(aps_output.o)
                0x0829c53c                aps_remove_all_message
 .text.save_timer
                0x0829c598       0x38 pluto/plutolib.a(aps_user.o)
 .text.aps_save_user
                0x0829c5d0       0xf0 pluto/plutolib.a(aps_user.o)
                0x0829c5d0                aps_save_user
 .text.aps_start_fetch_user
                0x0829c6c0       0x34 pluto/plutolib.a(aps_user.o)
                0x0829c6c0                aps_start_fetch_user
 .text.aps_get_user
                0x0829c6f4       0x48 pluto/plutolib.a(aps_user.o)
                0x0829c6f4                aps_get_user
 .text.output_package
                0x0829c73c       0xcc pluto/plutolib.a(lcl_output.o)
 .text.remove_package
                0x0829c808       0xa4 pluto/plutolib.a(lcl_output.o)
 .text.output_task
                0x0829c8ac      0x148 pluto/plutolib.a(lcl_output.o)
 .text.req_send_command.constprop.0
                0x0829c9f4       0xd8 pluto/plutolib.a(lcl_output.o)
 .text.lcl_req_Send_data
                0x0829cacc       0x58 pluto/plutolib.a(lcl_output.o)
                0x0829cacc                lcl_req_Send_data
 .text.lcl_req_send_response
                0x0829cb24       0x28 pluto/plutolib.a(lcl_output.o)
                0x0829cb24                lcl_req_send_response
 .text.lcl_req_send_command
                0x0829cb4c       0x44 pluto/plutolib.a(lcl_output.o)
                0x0829cb4c                lcl_req_send_command
 .text.lcl_updata_parameter
                0x0829cb90       0x50 pluto/plutolib.a(lcl_output.o)
                0x0829cb90                lcl_updata_parameter
 .text.lcl_output_state_cb
                0x0829cbe0       0x6c pluto/plutolib.a(lcl_output.o)
                0x0829cbe0                lcl_output_state_cb
 .text.lcl_send_state_cb
                0x0829cc4c       0x38 pluto/plutolib.a(lcl_output.o)
                0x0829cc4c                lcl_send_state_cb
 .text.set_login_parametes
                0x0829cc84       0xd8 pluto/plutolib.a(login.o)
 .text.login_set_user_psw
                0x0829cd5c       0x30 pluto/plutolib.a(login.o)
                0x0829cd5c                login_set_user_psw
 .text.login_get_password
                0x0829cd8c        0x8 pluto/plutolib.a(login.o)
                0x0829cd8c                login_get_password
 .text.login_start
                0x0829cd94       0x30 pluto/plutolib.a(login.o)
                0x0829cd94                login_start
 .text.login_save_current_timestamp
                0x0829cdc4       0x14 pluto/plutolib.a(login.o)
                0x0829cdc4                login_save_current_timestamp
 .text.login_task
                0x0829cdd8      0x168 pluto/plutolib.a(login.o)
 .text.login_get_current_timestamp
                0x0829cf40       0x14 pluto/plutolib.a(login.o)
                0x0829cf40                login_get_current_timestamp
 .text.login_set_state_change_cb
                0x0829cf54        0xc pluto/plutolib.a(login.o)
                0x0829cf54                login_set_state_change_cb
 .text.login_get_state
                0x0829cf60       0x1c pluto/plutolib.a(login.o)
                0x0829cf60                login_get_state
 .text.login_respone_cb
                0x0829cf7c      0x168 pluto/plutolib.a(login.o)
                0x0829cf7c                login_respone_cb
 .text.logout_respone_cb
                0x0829d0e4       0x7c pluto/plutolib.a(login.o)
                0x0829d0e4                logout_respone_cb
 .text.socket_init
                0x0829d160       0x20 pluto/plutolib.a(nwk_common.o)
                0x0829d160                socket_init
 .text.socket_udp_input
                0x0829d180       0x44 pluto/plutolib.a(nwk_common.o)
                0x0829d180                socket_udp_input
 .text.nwk_get_server_online_flag
                0x0829d1c4        0xc pluto/plutolib.a(nwk_nib.o)
                0x0829d1c4                nwk_get_server_online_flag
 .text.nwk_set_server_online_flag
                0x0829d1d0        0xc pluto/plutolib.a(nwk_nib.o)
                0x0829d1d0                nwk_set_server_online_flag
 .text.nwk_get_local_addr
                0x0829d1dc        0x8 pluto/plutolib.a(nwk_nib.o)
                0x0829d1dc                nwk_get_local_addr
 .text.nwk_set_local_addr
                0x0829d1e4       0x18 pluto/plutolib.a(nwk_nib.o)
                0x0829d1e4                nwk_set_local_addr
 .text.nwk_get_server_addr
                0x0829d1fc        0x8 pluto/plutolib.a(nwk_nib.o)
                0x0829d1fc                nwk_get_server_addr
 .text.nwk_get_broadcast_addr
                0x0829d204        0x8 pluto/plutolib.a(nwk_nib.o)
                0x0829d204                nwk_get_broadcast_addr
 .text.nwk_get_broadcast_ipv4
                0x0829d20c        0x6 pluto/plutolib.a(nwk_nib.o)
                0x0829d20c                nwk_get_broadcast_ipv4
 *fill*         0x0829d212        0x2 
 .text.nwk_get_trans_protocol
                0x0829d214        0xc pluto/plutolib.a(nwk_nib.o)
                0x0829d214                nwk_get_trans_protocol
 .text.nwk_set_trans_protocol
                0x0829d220       0x48 pluto/plutolib.a(nwk_nib.o)
                0x0829d220                nwk_set_trans_protocol
 .text.nwk_get_server_ipv4
                0x0829d268        0xc pluto/plutolib.a(nwk_nib.o)
                0x0829d268                nwk_get_server_ipv4
 .text.nwk_set_server_ipv4
                0x0829d274        0xc pluto/plutolib.a(nwk_nib.o)
                0x0829d274                nwk_set_server_ipv4
 .text.nwk_get_server_port
                0x0829d280       0x10 pluto/plutolib.a(nwk_nib.o)
                0x0829d280                nwk_get_server_port
 .text.nwk_set_server_port
                0x0829d290       0x10 pluto/plutolib.a(nwk_nib.o)
                0x0829d290                nwk_set_server_port
 .text.nwk_get_local_ipv4
                0x0829d2a0        0xc pluto/plutolib.a(nwk_nib.o)
                0x0829d2a0                nwk_get_local_ipv4
 .text.nwk_set_local_ipv4
                0x0829d2ac        0xc pluto/plutolib.a(nwk_nib.o)
                0x0829d2ac                nwk_set_local_ipv4
 .text.nwk_get_local_port
                0x0829d2b8        0xc pluto/plutolib.a(nwk_nib.o)
                0x0829d2b8                nwk_get_local_port
 .text.nwk_set_local_port
                0x0829d2c4        0xc pluto/plutolib.a(nwk_nib.o)
                0x0829d2c4                nwk_set_local_port
 .text.nwk_get_route_flag
                0x0829d2d0        0xc pluto/plutolib.a(nwk_nib.o)
                0x0829d2d0                nwk_get_route_flag
 .text.nwk_set_route_flag
                0x0829d2dc        0xc pluto/plutolib.a(nwk_nib.o)
                0x0829d2dc                nwk_set_route_flag
 .text.nwk_get_beacon_time
                0x0829d2e8        0xc pluto/plutolib.a(nwk_nib.o)
                0x0829d2e8                nwk_get_beacon_time
 .text.nwk_set_beacon_time
                0x0829d2f4        0xc pluto/plutolib.a(nwk_nib.o)
                0x0829d2f4                nwk_set_beacon_time
 .text.package  0x0829d300       0xac pluto/plutolib.a(nwk_output.o)
 .text.nwk_udp_send
                0x0829d3ac       0x34 pluto/plutolib.a(nwk_output.o)
 .text.output_package
                0x0829d3e0      0x150 pluto/plutolib.a(nwk_output.o)
 .text.nwk_remove_message
                0x0829d530       0x90 pluto/plutolib.a(nwk_output.o)
 .text.output_task
                0x0829d5c0      0x240 pluto/plutolib.a(nwk_output.o)
 .text.nwk_req_send_data
                0x0829d800       0xc8 pluto/plutolib.a(nwk_output.o)
                0x0829d800                nwk_req_send_data
 .text.nwk_req_send_ack
                0x0829d8c8       0x24 pluto/plutolib.a(nwk_output.o)
                0x0829d8c8                nwk_req_send_ack
 .text.nwk_send_state_cb
                0x0829d8ec       0x10 pluto/plutolib.a(nwk_output.o)
                0x0829d8ec                nwk_send_state_cb
 .text.nwk_rsp_route
                0x0829d8fc       0x80 pluto/plutolib.a(nwk_output.o)
                0x0829d8fc                nwk_rsp_route
 .text.pkg_timout
                0x0829d97c        0xc pluto/plutolib.a(nwk_pre_input.o)
 .text.nwk_pre_input
                0x0829d988      0x13c pluto/plutolib.a(nwk_pre_input.o)
                0x0829d988                nwk_pre_input
 .text.nwk_route_add
                0x0829dac4       0xb8 pluto/plutolib.a(nwk_route.o)
                0x0829dac4                nwk_route_add
 .text.nwk_route_remove
                0x0829db7c       0x34 pluto/plutolib.a(nwk_route.o)
                0x0829db7c                nwk_route_remove
 .text.nwk_package_limit_save
                0x0829dbb0       0xa0 pluto/plutolib.a(nwk_route.o)
                0x0829dbb0                nwk_package_limit_save
 .text.nwk_pakage_limit_get
                0x0829dc50       0xa8 pluto/plutolib.a(nwk_route.o)
                0x0829dc50                nwk_pakage_limit_get
 .text.osInit   0x0829dcf8        0x4 pluto/plutolib.a(osCore.o)
                0x0829dcf8                osInit
 .text._EnterCritical
                0x0829dcfc       0x18 pluto/plutolib.a(osCore.o)
                0x0829dcfc                _EnterCritical
 .text._ExitCritical
                0x0829dd14       0x14 pluto/plutolib.a(osCore.o)
                0x0829dd14                _ExitCritical
 .text.osSendMessage
                0x0829dd28       0x5c pluto/plutolib.a(osCore.o)
                0x0829dd28                osSendMessage
 .text.osRun    0x0829dd84       0x64 pluto/plutolib.a(osCore.o)
                0x0829dd84                osRun
 .text.proc_pluto_task
                0x0829dde8       0x6c pluto/plutolib.a(osCore.o)
                0x0829dde8                proc_pluto_task
 .text.osRand   0x0829de54       0x38 pluto/plutolib.a(osLibc.o)
                0x0829de54                osRand
 .text.osAtoB   0x0829de8c       0x64 pluto/plutolib.a(osLibc.o)
                0x0829de8c                osAtoB
 .text.osMemcpy
                0x0829def0       0x1a pluto/plutolib.a(osLibc.o)
                0x0829def0                osMemcpy
 .text.osMemcmp
                0x0829df0a       0x24 pluto/plutolib.a(osLibc.o)
                0x0829df0a                osMemcmp
 .text.osMemset
                0x0829df2e       0x12 pluto/plutolib.a(osLibc.o)
                0x0829df2e                osMemset
 .text.osMemchkz
                0x0829df40       0x16 pluto/plutolib.a(osLibc.o)
                0x0829df40                osMemchkz
 .text.osStrcpy
                0x0829df56       0x12 pluto/plutolib.a(osLibc.o)
                0x0829df56                osStrcpy
 .text.osStrcmp
                0x0829df68       0x34 pluto/plutolib.a(osLibc.o)
                0x0829df68                osStrcmp
 .text.osStrncmp
                0x0829df9c       0x30 pluto/plutolib.a(osLibc.o)
                0x0829df9c                osStrncmp
 .text.osStrlen
                0x0829dfcc       0x10 pluto/plutolib.a(osLibc.o)
                0x0829dfcc                osStrlen
 .text.osToupper
                0x0829dfdc        0xc pluto/plutolib.a(osLibc.o)
                0x0829dfdc                osToupper
 .text.osBtoU32
                0x0829dfe8       0x16 pluto/plutolib.a(osLibc.o)
                0x0829dfe8                osBtoU32
 .text.osBtoU16
                0x0829dffe        0xa pluto/plutolib.a(osLibc.o)
                0x0829dffe                osBtoU16
 .text.osU32toB
                0x0829e008       0x10 pluto/plutolib.a(osLibc.o)
                0x0829e008                osU32toB
 .text.osU16toB
                0x0829e018        0x8 pluto/plutolib.a(osLibc.o)
                0x0829e018                osU16toB
 .text.osBtoStr
                0x0829e020       0x28 pluto/plutolib.a(osLibc.o)
                0x0829e020                osBtoStr
 .text.osStrchr
                0x0829e048       0x1a pluto/plutolib.a(osLibc.o)
                0x0829e048                osStrchr
 .text.osStrstr
                0x0829e062       0x36 pluto/plutolib.a(osLibc.o)
                0x0829e062                osStrstr
 .text.osCaseStrstr
                0x0829e098       0x5c pluto/plutolib.a(osLibc.o)
                0x0829e098                osCaseStrstr
 .text.os_addr_inet
                0x0829e0f4       0x28 pluto/plutolib.a(osLibc.o)
                0x0829e0f4                os_addr_inet
 .text.osHexStrtoB
                0x0829e11c       0x7c pluto/plutolib.a(osLibc.o)
                0x0829e11c                osHexStrtoB
 .text.osBtoHexStr
                0x0829e198       0x54 pluto/plutolib.a(osLibc.o)
                0x0829e198                osBtoHexStr
 .text.osAtoI   0x0829e1ec       0x3e pluto/plutolib.a(osLibc.o)
                0x0829e1ec                osAtoI
 *fill*         0x0829e22a        0x2 
 .text.os_inet_addr
                0x0829e22c       0x4c pluto/plutolib.a(osLibc.o)
                0x0829e22c                os_inet_addr
 .text.osFtoA   0x0829e278       0xe8 pluto/plutolib.a(osLibc.o)
                0x0829e278                osFtoA
 .text.osAtoF   0x0829e360       0x7c pluto/plutolib.a(osLibc.o)
                0x0829e360                osAtoF
 .text.osSubAbs
                0x0829e3dc        0xe pluto/plutolib.a(osLibc.o)
                0x0829e3dc                osSubAbs
 .text.osSubLoop32
                0x0829e3ea        0xe pluto/plutolib.a(osLibc.o)
                0x0829e3ea                osSubLoop32
 .text.osGetCheckSum16
                0x0829e3f8       0x1a pluto/plutolib.a(osLibc.o)
                0x0829e3f8                osGetCheckSum16
 *fill*         0x0829e412        0x2 
 .text.osGenRandomArrary
                0x0829e414       0x1c pluto/plutolib.a(osLibc.o)
                0x0829e414                osGenRandomArrary
 .text.osCRC16  0x0829e430       0x24 pluto/plutolib.a(osLibc.o)
                0x0829e430                osCRC16
 .text.osTimerTask
                0x0829e454       0x7c pluto/plutolib.a(osTimer.o)
 .text.osGetmsTimestamp
                0x0829e4d0        0xc pluto/plutolib.a(osTimer.o)
                0x0829e4d0                osGetmsTimestamp
 .text.osGetUnixTime
                0x0829e4dc        0xc pluto/plutolib.a(osTimer.o)
                0x0829e4dc                osGetUnixTime
 .text.osSetUnixTime
                0x0829e4e8        0xc pluto/plutolib.a(osTimer.o)
                0x0829e4e8                osSetUnixTime
 .text.osTickUpdata
                0x0829e4f4       0x50 pluto/plutolib.a(osTimer.o)
                0x0829e4f4                osTickUpdata
 .text.osAddTimer
                0x0829e544       0x6c pluto/plutolib.a(osTimer.o)
                0x0829e544                osAddTimer
 .text.osStartTimer
                0x0829e5b0       0x1c pluto/plutolib.a(osTimer.o)
                0x0829e5b0                osStartTimer
 .text.osStartReloadTimer
                0x0829e5cc       0x20 pluto/plutolib.a(osTimer.o)
                0x0829e5cc                osStartReloadTimer
 .text.osDeleteTimer
                0x0829e5ec       0x20 pluto/plutolib.a(osTimer.o)
                0x0829e5ec                osDeleteTimer
 .text.osLocalToUnix
                0x0829e60c       0xe0 pluto/plutolib.a(osTimer.o)
                0x0829e60c                osLocalToUnix
 .text.osUnixtoLocal
                0x0829e6ec      0x1b4 pluto/plutolib.a(osTimer.o)
                0x0829e6ec                osUnixtoLocal
 .text.os_dbg_init
                0x0829e8a0        0xc pluto/plutolib.a(osTrace.o)
                0x0829e8a0                os_dbg_init
 .text.os_printf
                0x0829e8ac       0x44 pluto/plutolib.a(osTrace.o)
                0x0829e8ac                os_printf
 .text.osPrint2b
                0x0829e8f0       0x58 pluto/plutolib.a(osTrace.o)
                0x0829e8f0                osPrint2b
 .text._out_buffer
                0x0829e948        0x8 pluto/plutolib.a(printf.o)
 .text._out_null
                0x0829e950        0x2 pluto/plutolib.a(printf.o)
 .text._ntoa_format
                0x0829e952      0x138 pluto/plutolib.a(printf.o)
 *fill*         0x0829ea8a        0x2 
 .text._ntoa_long
                0x0829ea8c       0x90 pluto/plutolib.a(printf.o)
 .text._ntoa_long_long
                0x0829eb1c       0xb0 pluto/plutolib.a(printf.o)
 *fill*         0x0829ebcc        0x4 
 .text._vsnprintf
                0x0829ebd0      0x7e0 pluto/plutolib.a(printf.o)
 .text.sprintf_
                0x0829f3b0       0x30 pluto/plutolib.a(printf.o)
                0x0829f3b0                sprintf_
 .text.vsnprintf_
                0x0829f3e0       0x24 pluto/plutolib.a(printf.o)
                0x0829f3e0                vsnprintf_
 .text.load_device_describe
                0x0829f404       0x30 pluto/plutolib.a(pdo_describe.o)
 .text.save_device_describe
                0x0829f434      0x2b0 pluto/plutolib.a(pdo_describe.o)
 .text.pdo_report_device_info
                0x0829f6e4      0x188 pluto/plutolib.a(pdo_describe.o)
 .text.pdo_report_port
                0x0829f86c       0x5c pluto/plutolib.a(pdo_describe.o)
 .text.load_port_list
                0x0829f8c8       0x60 pluto/plutolib.a(pdo_describe.o)
 .text.get_port_describe
                0x0829f928       0x50 pluto/plutolib.a(pdo_describe.o)
 .text.delete_port
                0x0829f978       0x58 pluto/plutolib.a(pdo_describe.o)
 .text.port_list_timer
                0x0829f9d0       0x50 pluto/plutolib.a(pdo_describe.o)
 .text.updata_key_timer
                0x0829fa20       0x70 pluto/plutolib.a(pdo_describe.o)
 .text.pdo_device_describe_handler
                0x0829fa90      0x228 pluto/plutolib.a(pdo_describe.o)
                0x0829fa90                pdo_device_describe_handler
 .text.pdo_read_port_num
                0x0829fcb8       0x1c pluto/plutolib.a(pdo_describe.o)
                0x0829fcb8                pdo_read_port_num
 .text.pdo_read_port_list
                0x0829fcd4       0x60 pluto/plutolib.a(pdo_describe.o)
                0x0829fcd4                pdo_read_port_list
 .text.pdo_port_list_handler
                0x0829fd34       0x70 pluto/plutolib.a(pdo_describe.o)
                0x0829fd34                pdo_port_list_handler
 .text.pdo_read_port_describe
                0x0829fda4       0x2c pluto/plutolib.a(pdo_describe.o)
                0x0829fda4                pdo_read_port_describe
 .text.pdo_delete_port
                0x0829fdd0       0x44 pluto/plutolib.a(pdo_describe.o)
                0x0829fdd0                pdo_delete_port
 .text.pdo_register_port
                0x0829fe14      0x1c0 pluto/plutolib.a(pdo_describe.o)
                0x0829fe14                pdo_register_port
 .text.pdo_update_port_describe
                0x0829ffd4       0xa8 pluto/plutolib.a(pdo_describe.o)
                0x0829ffd4                pdo_update_port_describe
 .text.pdo_port_describe_handler
                0x082a007c       0xf4 pluto/plutolib.a(pdo_describe.o)
                0x082a007c                pdo_port_describe_handler
 .text.pluto_update_guest_key
                0x082a0170       0x2c pluto/plutolib.a(pdo_describe.o)
                0x082a0170                pluto_update_guest_key
 .text.restore_device_describe
                0x082a019c      0x1a8 pluto/plutolib.a(pdo_describe.o)
 .text.pdo_save_obj_valueint
                0x082a0344       0x94 pluto/plutolib.a(pdo_describe.o)
                0x082a0344                pdo_save_obj_valueint
 .text.pdo_set_device_describe
                0x082a03d8      0x1f4 pluto/plutolib.a(pdo_describe.o)
                0x082a03d8                pdo_set_device_describe
 .text.get_key_structure
                0x082a05cc       0x30 pluto/plutolib.a(pdo_keys.o)
 .text.pdo_add_device_key
                0x082a05fc       0x74 pluto/plutolib.a(pdo_keys.o)
                0x082a05fc                pdo_add_device_key
 .text.pdo_get_devcie_key
                0x082a0670       0x10 pluto/plutolib.a(pdo_keys.o)
                0x082a0670                pdo_get_devcie_key
 .text.pdo_set_version
                0x082a0680        0xc pluto/plutolib.a(pdo_nib.o)
                0x082a0680                pdo_set_version
 .text.pdo_get_local_lock
                0x082a068c        0xc pluto/plutolib.a(pdo_nib.o)
                0x082a068c                pdo_get_local_lock
 .text.pdo_set_local_lock
                0x082a0698        0xc pluto/plutolib.a(pdo_nib.o)
                0x082a0698                pdo_set_local_lock
 .text.pdo_get_remote_lock
                0x082a06a4        0xc pluto/plutolib.a(pdo_nib.o)
                0x082a06a4                pdo_get_remote_lock
 .text.pdo_set_remote_lock
                0x082a06b0        0xc pluto/plutolib.a(pdo_nib.o)
                0x082a06b0                pdo_set_remote_lock
 .text.pdo_get_guest_lock
                0x082a06bc        0xc pluto/plutolib.a(pdo_nib.o)
                0x082a06bc                pdo_get_guest_lock
 .text.pdo_set_guest_lock
                0x082a06c8        0xc pluto/plutolib.a(pdo_nib.o)
                0x082a06c8                pdo_set_guest_lock
 .text.pdo_get_share_lock
                0x082a06d4        0xc pluto/plutolib.a(pdo_nib.o)
                0x082a06d4                pdo_get_share_lock
 .text.pdo_set_share_lock
                0x082a06e0        0xc pluto/plutolib.a(pdo_nib.o)
                0x082a06e0                pdo_set_share_lock
 .text.pdo_get_encrypt_flag
                0x082a06ec        0xc pluto/plutolib.a(pdo_nib.o)
                0x082a06ec                pdo_get_encrypt_flag
 .text.pdo_set_encrypt_flag
                0x082a06f8        0xc pluto/plutolib.a(pdo_nib.o)
                0x082a06f8                pdo_set_encrypt_flag
 .text.pdo_get_history_record_flag
                0x082a0704        0xc pluto/plutolib.a(pdo_nib.o)
                0x082a0704                pdo_get_history_record_flag
 .text.pdo_set_history_record_flag
                0x082a0710        0xc pluto/plutolib.a(pdo_nib.o)
                0x082a0710                pdo_set_history_record_flag
 .text.pdo_get_specail_service_addr
                0x082a071c       0x14 pluto/plutolib.a(pdo_nib.o)
                0x082a071c                pdo_get_specail_service_addr
 .text.pdo_set_special_service_addr
                0x082a0730       0x24 pluto/plutolib.a(pdo_nib.o)
                0x082a0730                pdo_set_special_service_addr
 .text.pdo_get_limit_level
                0x082a0754        0xc pluto/plutolib.a(pdo_nib.o)
                0x082a0754                pdo_get_limit_level
 .text.pdo_set_limit_level
                0x082a0760        0xc pluto/plutolib.a(pdo_nib.o)
                0x082a0760                pdo_set_limit_level
 .text.load_record
                0x082a076c       0x30 pluto/plutolib.a(pdo_record.o)
 .text.save_record
                0x082a079c      0x148 pluto/plutolib.a(pdo_record.o)
 .text.save_task
                0x082a08e4       0x68 pluto/plutolib.a(pdo_record.o)
 .text.pdo_alarm_record_handler
                0x082a094c       0xe8 pluto/plutolib.a(pdo_record.o)
                0x082a094c                pdo_alarm_record_handler
 .text.pdo_history_record_handler
                0x082a0a34       0xf0 pluto/plutolib.a(pdo_record.o)
                0x082a0a34                pdo_history_record_handler
 .text.pdo_save_alarm_record
                0x082a0b24       0x5c pluto/plutolib.a(pdo_record.o)
                0x082a0b24                pdo_save_alarm_record
 .text.pdo_save_history_record
                0x082a0b80       0x68 pluto/plutolib.a(pdo_record.o)
                0x082a0b80                pdo_save_history_record
 .text.scene_set_state
                0x082a0be8       0x84 pluto/plutolib.a(pdo_scene.o)
 .text.pdo_scene_alarm
                0x082a0c6c       0x4c pluto/plutolib.a(pdo_scene.o)
                0x082a0c6c                pdo_scene_alarm
 .text.pdo_scene_run
                0x082a0cb8       0x30 pluto/plutolib.a(pdo_scene.o)
                0x082a0cb8                pdo_scene_run
 .text.pdo_scene_init
                0x082a0ce8       0x34 pluto/plutolib.a(pdo_scene.o)
                0x082a0ce8                pdo_scene_init
 .text.pdo_scene_handler
                0x082a0d1c      0x388 pluto/plutolib.a(pdo_scene.o)
                0x082a0d1c                pdo_scene_handler
 .text.read_uint32
                0x082a10a4       0x10 pluto/plutolib.a(pdo_server.o)
 .text.read_string
                0x082a10b4       0x3c pluto/plutolib.a(pdo_server.o)
 .text.read_bytes
                0x082a10f0       0x3c pluto/plutolib.a(pdo_server.o)
 .text.pdo_server_message_handler
                0x082a112c      0x1a4 pluto/plutolib.a(pdo_server.o)
                0x082a112c                pdo_server_message_handler
 .text.pdo_load_server_info
                0x082a12d0       0xe0 pluto/plutolib.a(pdo_server.o)
                0x082a12d0                pdo_load_server_info
 .text.pdo_update_handler
                0x082a13b0       0xf8 pluto/plutolib.a(pdo_update.o)
                0x082a13b0                pdo_update_handler
 .text.pdo_set_bin_name
                0x082a14a8        0x4 pluto/plutolib.a(pdo_update.o)
                0x082a14a8                pdo_set_bin_name
 .text.Scene_GetFreeHandler
                0x082a14ac       0x2c pluto/plutolib.a(scene.o)
 .text.Scene_FindTask
                0x082a14d8       0x28 pluto/plutolib.a(scene.o)
                0x082a14d8                Scene_FindTask
 .text.Scene_CreateTask
                0x082a1500      0x198 pluto/plutolib.a(scene.o)
                0x082a1500                Scene_CreateTask
 .text.Scene_CheckExist
                0x082a1698       0x1c pluto/plutolib.a(scene.o)
                0x082a1698                Scene_CheckExist
 .text.Scene_SendParameter
                0x082a16b4        0x2 pluto/plutolib.a(scene.o)
                0x082a16b4                Scene_SendParameter
 *fill*         0x082a16b6        0x2 
 .text.Scene_DelTask
                0x082a16b8        0xc pluto/plutolib.a(scene.o)
                0x082a16b8                Scene_DelTask
 .text.Scene_PreCheckReason
                0x082a16c4       0x2c pluto/plutolib.a(scene_core.o)
 .text.Scene_GetTaskBlock
                0x082a16f0        0xc pluto/plutolib.a(scene_core.o)
                0x082a16f0                Scene_GetTaskBlock
 .text.Scene_RemoveTask
                0x082a16fc       0x70 pluto/plutolib.a(scene_core.o)
                0x082a16fc                Scene_RemoveTask
 .text.Scene_ReadTaskStateByName
                0x082a176c       0x2c pluto/plutolib.a(scene_core.o)
                0x082a176c                Scene_ReadTaskStateByName
 .text.Scene_SendEvent
                0x082a1798       0x80 pluto/plutolib.a(scene_core.o)
                0x082a1798                Scene_SendEvent
 .text.Scene_InsetTask
                0x082a1818       0x2c pluto/plutolib.a(scene_core.o)
                0x082a1818                Scene_InsetTask
 .text.Scene_SetTaskState
                0x082a1844       0x84 pluto/plutolib.a(scene_core.o)
                0x082a1844                Scene_SetTaskState
 .text.Scene_TaskJoin
                0x082a18c8       0x78 pluto/plutolib.a(scene_core.o)
                0x082a18c8                Scene_TaskJoin
 .text.Scene_SetTaskStateWithArg
                0x082a1940       0xa4 pluto/plutolib.a(scene_core.o)
                0x082a1940                Scene_SetTaskStateWithArg
 .text.Scene_Task
                0x082a19e4      0x5c4 pluto/plutolib.a(scene_core.o)
                0x082a19e4                Scene_Task
 .text.Scene_Send
                0x082a1fa8      0x25c pluto/plutolib.a(scene_do.o)
                0x082a1fa8                Scene_Send
 .text.Scene_GetRegBySymbol
                0x082a2204       0x40 pluto/plutolib.a(scene_do.o)
                0x082a2204                Scene_GetRegBySymbol
 .text.Scene_Do
                0x082a2244      0x2b8 pluto/plutolib.a(scene_do.o)
                0x082a2244                Scene_Do
 .text.Scene_ISSTRING
                0x082a24fc       0x20 pluto/plutolib.a(scene_lib.o)
                0x082a24fc                Scene_ISSTRING
 .text.Scene_ISNUM
                0x082a251c        0xc pluto/plutolib.a(scene_lib.o)
                0x082a251c                Scene_ISNUM
 .text.Scene_ISHEXNUM
                0x082a2528       0x1c pluto/plutolib.a(scene_lib.o)
                0x082a2528                Scene_ISHEXNUM
 .text.Scene_GetItemByOffset
                0x082a2544       0x36 pluto/plutolib.a(scene_lib.o)
                0x082a2544                Scene_GetItemByOffset
 *fill*         0x082a257a        0x2 
 .text.Scene_GetStringLen
                0x082a257c       0x20 pluto/plutolib.a(scene_lib.o)
                0x082a257c                Scene_GetStringLen
 .text.Scene_GetBracketsLen
                0x082a259c       0x14 pluto/plutolib.a(scene_lib.o)
                0x082a259c                Scene_GetBracketsLen
 .text.Scene_GetString
                0x082a25b0       0x1c pluto/plutolib.a(scene_lib.o)
                0x082a25b0                Scene_GetString
 .text.Scene_StringString
                0x082a25cc       0x36 pluto/plutolib.a(scene_lib.o)
                0x082a25cc                Scene_StringString
 .text.Scene_SkipSpace
                0x082a2602       0x1c pluto/plutolib.a(scene_lib.o)
                0x082a2602                Scene_SkipSpace
 .text.Scene_GetSymbol
                0x082a261e       0x36 pluto/plutolib.a(scene_lib.o)
                0x082a261e                Scene_GetSymbol
 .text.Scene_HexStrtoU32
                0x082a2654       0x2c pluto/plutolib.a(scene_lib.o)
                0x082a2654                Scene_HexStrtoU32
 .text.Scene_ParseDeviceInfo
                0x082a2680      0x170 pluto/plutolib.a(scene_lib.o)
                0x082a2680                Scene_ParseDeviceInfo
 .text.Scene_InputDevMsg
                0x082a27f0       0xdc pluto/plutolib.a(scene_message.o)
                0x082a27f0                Scene_InputDevMsg
 .text.Scene_FetchMsg
                0x082a28cc       0x28 pluto/plutolib.a(scene_message.o)
                0x082a28cc                Scene_FetchMsg
 .text.Scene_DeletedAllMsg
                0x082a28f4       0x20 pluto/plutolib.a(scene_message.o)
                0x082a28f4                Scene_DeletedAllMsg
 .text.Scene_CompareInt
                0x082a2914       0x56 pluto/plutolib.a(scene_reason.o)
                0x082a2914                Scene_CompareInt
 .text.Scene_CompareFloat
                0x082a296a       0x6a pluto/plutolib.a(scene_reason.o)
                0x082a296a                Scene_CompareFloat
 .text.Scene_CompareTimer
                0x082a29d4      0x128 pluto/plutolib.a(scene_reason.o)
                0x082a29d4                Scene_CompareTimer
 .text.Scene_CompareDev
                0x082a2afc      0x210 pluto/plutolib.a(scene_reason.o)
                0x082a2afc                Scene_CompareDev
 .text.Scene_CheckReasons
                0x082a2d0c      0x1ec pluto/plutolib.a(scene_reason.o)
                0x082a2d0c                Scene_CheckReasons
 .text.pluto_get_data_type
                0x082a2ef8       0xf4 pluto/plutolib.a(aID.o)
                0x082a2ef8                pluto_get_data_type
 .text.input_task
                0x082a2fec      0x258 pluto/plutolib.a(aps_input.o)
 .text.aps_input
                0x082a3244       0x8c pluto/plutolib.a(aps_input.o)
                0x082a3244                aps_input
 .text.aps_send_status_cb
                0x082a32d0       0x90 pluto/plutolib.a(aps_input.o)
                0x082a32d0                aps_send_status_cb
 .text.lcl_expand_data_length
                0x082a3360       0x14 pluto/plutolib.a(lcl_common.o)
                0x082a3360                lcl_expand_data_length
 .text.lcl_calculate_package_length
                0x082a3374       0x10 pluto/plutolib.a(lcl_common.o)
                0x082a3374                lcl_calculate_package_length
 .text.lcl_package
                0x082a3384       0x64 pluto/plutolib.a(lcl_common.o)
                0x082a3384                lcl_package
 .text.lcl_get_seq
                0x082a33e8       0x10 pluto/plutolib.a(lcl_common.o)
                0x082a33e8                lcl_get_seq
 .text.gen_key  0x082a33f8       0x44 pluto/plutolib.a(lcl_crypto.o)
 .text.lcl_encrypt_data
                0x082a343c       0x44 pluto/plutolib.a(lcl_crypto.o)
                0x082a343c                lcl_encrypt_data
 .text.lcl_decrypt
                0x082a3480       0xb8 pluto/plutolib.a(lcl_crypto.o)
                0x082a3480                lcl_decrypt
 .text.block_count
                0x082a3538       0x40 pluto/plutolib.a(nwk_input.o)
 .text.block_to_clear_timer
                0x082a3578       0x1c pluto/plutolib.a(nwk_input.o)
 .text.detach_block
                0x082a3594       0x68 pluto/plutolib.a(nwk_input.o)
 .text.nwk_check_repeat
                0x082a35fc      0x108 pluto/plutolib.a(nwk_input.o)
 .text.proccess_message_task
                0x082a3704      0x160 pluto/plutolib.a(nwk_input.o)
 .text.nwk_input
                0x082a3864      0x408 pluto/plutolib.a(nwk_input.o)
                0x082a3864                nwk_input
 .text.nwk_add_to_repeat_table
                0x082a3c6c        0xc pluto/plutolib.a(nwk_input.o)
                0x082a3c6c                nwk_add_to_repeat_table
 .text.deivce_annouce_task
                0x082a3c78       0xa4 pluto/plutolib.a(pdo.o)
 .text.pdo_command_handle
                0x082a3d1c      0x288 pluto/plutolib.a(pdo.o)
                0x082a3d1c                pdo_command_handle
 .text.pdo_get_port_permit_join_flag
                0x082a3fa4       0x10 pluto/plutolib.a(pdo.o)
                0x082a3fa4                pdo_get_port_permit_join_flag
 .text.pdo_get_name_and_data_length
                0x082a3fb4       0x20 pluto/plutolib.a(pdo_file_system.o)
                0x082a3fb4                pdo_get_name_and_data_length
 .text.pdo_get_file_name
                0x082a3fd4       0x38 pluto/plutolib.a(pdo_file_system.o)
                0x082a3fd4                pdo_get_file_name
 .text.pdo_get_sub_string
                0x082a400c       0x48 pluto/plutolib.a(pdo_file_system.o)
                0x082a400c                pdo_get_sub_string
 .text.pdo_package_file
                0x082a4054       0x8c pluto/plutolib.a(pdo_file_system.o)
                0x082a4054                pdo_package_file
 .text.pdo_send_file_response
                0x082a40e0       0x50 pluto/plutolib.a(pdo_file_system.o)
                0x082a40e0                pdo_send_file_response
 .text.read_file_and_send
                0x082a4130       0x8c pluto/plutolib.a(pdo_file_system.o)
 .text.read_file_task
                0x082a41bc       0x88 pluto/plutolib.a(pdo_file_system.o)
 .text.pdo_file_system_handler
                0x082a4244      0x3a8 pluto/plutolib.a(pdo_file_system.o)
                0x082a4244                pdo_file_system_handler
 .text.read_table
                0x082a45ec       0x30 pluto/plutolib.a(pdo_utb.o)
 .text.utb_check_enable_port
                0x082a461c       0xf4 pluto/plutolib.a(pdo_utb.o)
                0x082a461c                utb_check_enable_port
 .text.utb_message_handler
                0x082a4710      0x200 pluto/plutolib.a(pdo_utb.o)
                0x082a4710                utb_message_handler
 .text.KeyExpansion
                0x082a4910       0x78 pluto/plutolib.a(lcl_aes.o)
 .text.AddRoundKey
                0x082a4988       0x24 pluto/plutolib.a(lcl_aes.o)
 .text.xtime    0x082a49ac       0x12 pluto/plutolib.a(lcl_aes.o)
 *fill*         0x082a49be        0x2 
 .text.Cipher   0x082a49c0      0x154 pluto/plutolib.a(lcl_aes.o)
 .text.InvCipher
                0x082a4b14      0x1f8 pluto/plutolib.a(lcl_aes.o)
 .text.AES_init_ctx_iv
                0x082a4d0c       0x20 pluto/plutolib.a(lcl_aes.o)
                0x082a4d0c                AES_init_ctx_iv
 .text.AES_CBC_encrypt_buffer
                0x082a4d2c       0x4c pluto/plutolib.a(lcl_aes.o)
                0x082a4d2c                AES_CBC_encrypt_buffer
 .text.AES_CBC_decrypt_buffer
                0x082a4d78       0x54 pluto/plutolib.a(lcl_aes.o)
                0x082a4d78                AES_CBC_decrypt_buffer
 .text.message_proccess
                0x082a4dcc      0x2fc pluto/plutolib.a(lcl_input.o)
 .text.lcl_input_message
                0x082a50c8       0x60 pluto/plutolib.a(lcl_input.o)
                0x082a50c8                lcl_input_message
 .text.Ql_GPIO_Init
                0x082a5128       0x44 libs/gcc/app_start.lib(gpio.o)
                0x082a5128                Ql_GPIO_Init
 .text.Ql_GPIO_SetLevel
                0x082a516c       0x38 libs/gcc/app_start.lib(gpio.o)
                0x082a516c                Ql_GPIO_SetLevel
 .text.Ql_GPIO_GetLevel
                0x082a51a4       0x34 libs/gcc/app_start.lib(gpio.o)
                0x082a51a4                Ql_GPIO_GetLevel
 .text.Ql_GPIO_SetDirection
                0x082a51d8       0x38 libs/gcc/app_start.lib(gpio.o)
                0x082a51d8                Ql_GPIO_SetDirection
 .text.Ql_MEM_Alloc
                0x082a5210       0x44 libs/gcc/app_start.lib(memory.o)
                0x082a5210                Ql_MEM_Alloc
 .text.Ql_MEM_Free
                0x082a5254       0x40 libs/gcc/app_start.lib(memory.o)
                0x082a5254                Ql_MEM_Free
 .text.ql_InitVFunc
                0x082a5294       0x7c libs/gcc/app_start.lib(ql_main.o)
                0x082a5294                ql_InitVFunc
 .text.ocpu_main
                0x082a5310       0x68 libs/gcc/app_start.lib(ql_main.o)
                0x082a5310                ocpu_main
 .text.proc_reserved2
                0x082a5378       0x40 libs/gcc/app_start.lib(ril_aux.o)
                0x082a5378                proc_reserved2
 .text.ril_StopATTimer
                0x082a53b8       0x1c libs/gcc/app_start.lib(ril_main.o)
 .text.Callback_OnATTimer
                0x082a53d4       0x34 libs/gcc/app_start.lib(ril_main.o)
 .text.Ql_RIL_Initialize
                0x082a5408       0x90 libs/gcc/app_start.lib(ril_main.o)
                0x082a5408                Ql_RIL_Initialize
 .text.Ql_RIL_SendATCmd
                0x082a5498      0x1c8 libs/gcc/app_start.lib(ril_main.o)
                0x082a5498                Ql_RIL_SendATCmd
 .text.str_seacher_with
                0x082a5660       0x58 libs/gcc/app_start.lib(ril_main.o)
                0x082a5660                str_seacher_with
 .text.proc_reserved1
                0x082a56b8      0x340 libs/gcc/app_start.lib(ril_main.o)
                0x082a56b8                proc_reserved1
 .text.Ql_SPI_Init
                0x082a59f8       0x50 libs/gcc/app_start.lib(spi.o)
                0x082a59f8                Ql_SPI_Init
 .text.Ql_SPI_Config
                0x082a5a48       0x48 libs/gcc/app_start.lib(spi.o)
                0x082a5a48                Ql_SPI_Config
 .text.Ql_SPI_Write
                0x082a5a90       0x3c libs/gcc/app_start.lib(spi.o)
                0x082a5a90                Ql_SPI_Write
 .text.Ql_SPI_WriteRead
                0x082a5acc       0x48 libs/gcc/app_start.lib(spi.o)
                0x082a5acc                Ql_SPI_WriteRead
 .text.Ql_strcpy
                0x082a5b14       0x58 libs/gcc/app_start.lib(stdlib_func.o)
                0x082a5b14                Ql_strcpy
 .text.Ql_strncpy
                0x082a5b6c       0x50 libs/gcc/app_start.lib(stdlib_func.o)
                0x082a5b6c                Ql_strncpy
 .text.Ql_strlen
                0x082a5bbc       0x44 libs/gcc/app_start.lib(stdlib_func.o)
                0x082a5bbc                Ql_strlen
 .text.Ql_strcmp
                0x082a5c00       0x38 libs/gcc/app_start.lib(stdlib_func.o)
                0x082a5c00                Ql_strcmp
 .text.Ql_strncmp
                0x082a5c38       0x3c libs/gcc/app_start.lib(stdlib_func.o)
                0x082a5c38                Ql_strncmp
 .text.Ql_memset
                0x082a5c74       0x50 libs/gcc/app_start.lib(stdlib_func.o)
                0x082a5c74                Ql_memset
 .text.Ql_memcpy
                0x082a5cc4       0x50 libs/gcc/app_start.lib(stdlib_func.o)
                0x082a5cc4                Ql_memcpy
 .text.Ql_memcmp
                0x082a5d14       0x3c libs/gcc/app_start.lib(stdlib_func.o)
                0x082a5d14                Ql_memcmp
 .text.Ql_strstr
                0x082a5d50       0x48 libs/gcc/app_start.lib(stdlib_func.o)
                0x082a5d50                Ql_strstr
 .text.Ql_strchr
                0x082a5d98       0x48 libs/gcc/app_start.lib(stdlib_func.o)
                0x082a5d98                Ql_strchr
 .text.Ql_toupper
                0x082a5de0        0x4 libs/gcc/app_start.lib(stdlib_func.o)
                0x082a5de0                Ql_toupper
 .text.Ql_atoi  0x082a5de4       0x4e libs/gcc/app_start.lib(stdlib_func.o)
                0x082a5de4                Ql_atoi
 *fill*         0x082a5e32        0x2 
 .text.Ql_Sleep
                0x082a5e34       0x2c libs/gcc/app_start.lib(system.o)
                0x082a5e34                Ql_Sleep
 .text.Ql_Reset
                0x082a5e60       0x2c libs/gcc/app_start.lib(system.o)
                0x082a5e60                Ql_Reset
 .text.Ql_GetvFunc_Init_Status
                0x082a5e8c       0x28 libs/gcc/app_start.lib(system.o)
                0x082a5e8c                Ql_GetvFunc_Init_Status
 .text.Ql_GetSDKVer
                0x082a5eb4       0x38 libs/gcc/app_start.lib(system.o)
                0x082a5eb4                Ql_GetSDKVer
 .text.Ql_OS_GetMessage
                0x082a5eec       0x34 libs/gcc/app_start.lib(taskMngt.o)
                0x082a5eec                Ql_OS_GetMessage
 .text.Ql_OS_SendMessage
                0x082a5f20       0x44 libs/gcc/app_start.lib(taskMngt.o)
                0x082a5f20                Ql_OS_SendMessage
 .text.Ql_OS_CreateMutex
                0x082a5f64       0x28 libs/gcc/app_start.lib(taskMngt.o)
                0x082a5f64                Ql_OS_CreateMutex
 .text.Ql_OS_TakeMutex
                0x082a5f8c       0x30 libs/gcc/app_start.lib(taskMngt.o)
                0x082a5f8c                Ql_OS_TakeMutex
 .text.Ql_OS_GiveMutex
                0x082a5fbc       0x2c libs/gcc/app_start.lib(taskMngt.o)
                0x082a5fbc                Ql_OS_GiveMutex
 .text.Ql_OS_CreateEvent
                0x082a5fe8       0x28 libs/gcc/app_start.lib(taskMngt.o)
                0x082a5fe8                Ql_OS_CreateEvent
 .text.Ql_OS_WaitEvent
                0x082a6010       0x3c libs/gcc/app_start.lib(taskMngt.o)
                0x082a6010                Ql_OS_WaitEvent
 .text.Ql_OS_SetEvent
                0x082a604c       0x38 libs/gcc/app_start.lib(taskMngt.o)
                0x082a604c                Ql_OS_SetEvent
 .text.Ql_ril_request_command
                0x082a6084       0x34 libs/gcc/app_start.lib(taskMngt.o)
                0x082a6084                Ql_ril_request_command
 .text.Ql_Timer_Register
                0x082a60b8       0x3c libs/gcc/app_start.lib(timer.o)
                0x082a60b8                Ql_Timer_Register
 .text.Ql_Timer_Start
                0x082a60f4       0x3c libs/gcc/app_start.lib(timer.o)
                0x082a60f4                Ql_Timer_Start
 .text.Ql_Timer_Stop
                0x082a6130       0x34 libs/gcc/app_start.lib(timer.o)
                0x082a6130                Ql_Timer_Stop
 .text.Ql_UART_Register
                0x082a6164       0x3c libs/gcc/app_start.lib(uart.o)
                0x082a6164                Ql_UART_Register
 .text.Ql_UART_Open
                0x082a61a0       0x3c libs/gcc/app_start.lib(uart.o)
                0x082a61a0                Ql_UART_Open
 .text.Ql_UART_Write
                0x082a61dc       0x3c libs/gcc/app_start.lib(uart.o)
                0x082a61dc                Ql_UART_Write
 .text.Ql_UART_Read
                0x082a6218       0x3c libs/gcc/app_start.lib(uart.o)
                0x082a6218                Ql_UART_Read
 .text.atoi     0x082a6254        0x8 tools\gcc\win\gcc-arm-none-eabi/arm-none-eabi/lib/armv7e-m/fpu/libc.a(lib_a-atoi.o)
                0x082a6254                atoi
 .text.memset   0x082a625c       0x94 tools\gcc\win\gcc-arm-none-eabi/arm-none-eabi/lib/armv7e-m/fpu/libc.a(lib_a-memset.o)
                0x082a625c                memset
 .text.strchr   0x082a62f0       0xf4 tools\gcc\win\gcc-arm-none-eabi/arm-none-eabi/lib/armv7e-m/fpu/libc.a(lib_a-strchr.o)
                0x082a62f0                strchr
 .text.strcpy   0x082a63e4       0xbc tools\gcc\win\gcc-arm-none-eabi/arm-none-eabi/lib/armv7e-m/fpu/libc.a(lib_a-strcpy.o)
                0x082a63e4                strcpy
 .text.strlen   0x082a64a0       0x60 tools\gcc\win\gcc-arm-none-eabi/arm-none-eabi/lib/armv7e-m/fpu/libc.a(lib_a-strlen.o)
                0x082a64a0                strlen
 .text.strncpy  0x082a6500       0x64 tools\gcc\win\gcc-arm-none-eabi/arm-none-eabi/lib/armv7e-m/fpu/libc.a(lib_a-strncpy.o)
                0x082a6500                strncpy
 .text.strsep   0x082a6564        0xc tools\gcc\win\gcc-arm-none-eabi/arm-none-eabi/lib/armv7e-m/fpu/libc.a(lib_a-strsep.o)
                0x082a6564                strsep
 .text.strtok   0x082a6570       0x10 tools\gcc\win\gcc-arm-none-eabi/arm-none-eabi/lib/armv7e-m/fpu/libc.a(lib_a-strtok.o)
                0x082a6570                strtok
 .text.__strtok_r
                0x082a6580       0x64 tools\gcc\win\gcc-arm-none-eabi/arm-none-eabi/lib/armv7e-m/fpu/libc.a(lib_a-strtok_r.o)
                0x082a6580                __strtok_r
 .text._strtol_r
                0x082a65e4      0x114 tools\gcc\win\gcc-arm-none-eabi/arm-none-eabi/lib/armv7e-m/fpu/libc.a(lib_a-strtol.o)
                0x082a65e4                _strtol_r
 .text.strtol   0x082a66f8       0x18 tools\gcc\win\gcc-arm-none-eabi/arm-none-eabi/lib/armv7e-m/fpu/libc.a(lib_a-strtol.o)
                0x082a66f8                strtol
 *(.text)
 .text          0x082a6710       0x4c libs/gcc/app_start.lib(ocpu_init.o)
                0x082a6724                _OCPU_InitUserMem
 .text          0x082a675c      0x134 tools\gcc\win\gcc-arm-none-eabi/arm-none-eabi/lib/armv7e-m/fpu/libc.a(lib_a-memcpy.o)
                0x082a675c                memcpy
 .text          0x082a6890      0x370 tools\gcc\win\gcc-arm-none-eabi/lib/gcc/arm-none-eabi/4.8.3/armv7e-m/fpu/libgcc.a(_arm_addsubdf3.o)
                0x082a6890                __aeabi_drsub
                0x082a6898                __aeabi_dsub
                0x082a6898                __subdf3
                0x082a689c                __aeabi_dadd
                0x082a689c                __adddf3
                0x082a6b14                __floatunsidf
                0x082a6b14                __aeabi_ui2d
                0x082a6b34                __floatsidf
                0x082a6b34                __aeabi_i2d
                0x082a6b58                __aeabi_f2d
                0x082a6b58                __extendsfdf2
                0x082a6b94                __floatundidf
                0x082a6b94                __aeabi_ul2d
                0x082a6ba4                __floatdidf
                0x082a6ba4                __aeabi_l2d
 .text          0x082a6c00      0x424 tools\gcc\win\gcc-arm-none-eabi/lib/gcc/arm-none-eabi/4.8.3/armv7e-m/fpu/libgcc.a(_arm_muldivdf3.o)
                0x082a6c00                __aeabi_dmul
                0x082a6c00                __muldf3
                0x082a6e54                __divdf3
                0x082a6e54                __aeabi_ddiv
 .text          0x082a7024      0x110 tools\gcc\win\gcc-arm-none-eabi/lib/gcc/arm-none-eabi/4.8.3/armv7e-m/fpu/libgcc.a(_arm_cmpdf2.o)
                0x082a7024                __gtdf2
                0x082a7024                __gedf2
                0x082a702c                __ltdf2
                0x082a702c                __ledf2
                0x082a7034                __nedf2
                0x082a7034                __eqdf2
                0x082a7034                __cmpdf2
                0x082a70b0                __aeabi_cdrcmple
                0x082a70c0                __aeabi_cdcmpeq
                0x082a70c0                __aeabi_cdcmple
                0x082a70d0                __aeabi_dcmpeq
                0x082a70e4                __aeabi_dcmplt
                0x082a70f8                __aeabi_dcmple
                0x082a710c                __aeabi_dcmpge
                0x082a7120                __aeabi_dcmpgt
 .text          0x082a7134       0x50 tools\gcc\win\gcc-arm-none-eabi/lib/gcc/arm-none-eabi/4.8.3/armv7e-m/fpu/libgcc.a(_arm_fixdfsi.o)
                0x082a7134                __aeabi_d2iz
                0x082a7134                __fixdfsi
 .text          0x082a7184       0x40 tools\gcc\win\gcc-arm-none-eabi/lib/gcc/arm-none-eabi/4.8.3/armv7e-m/fpu/libgcc.a(_arm_fixunsdfsi.o)
                0x082a7184                __aeabi_d2uiz
                0x082a7184                __fixunsdfsi
 .text          0x082a71c4       0x2c tools\gcc\win\gcc-arm-none-eabi/lib/gcc/arm-none-eabi/4.8.3/armv7e-m/fpu/libgcc.a(_aeabi_uldivmod.o)
                0x082a71c4                __aeabi_uldivmod
 .text          0x082a71f0       0x60 tools\gcc\win\gcc-arm-none-eabi/lib/gcc/arm-none-eabi/4.8.3/armv7e-m/fpu/libgcc.a(bpabi.o)
                0x082a71f0                __gnu_ldivmod_helper
                0x082a7220                __gnu_uldivmod_helper
 .text          0x082a7250        0x4 tools\gcc\win\gcc-arm-none-eabi/lib/gcc/arm-none-eabi/4.8.3/armv7e-m/fpu/libgcc.a(_dvmd_tls.o)
                0x082a7250                __aeabi_idiv0
                0x082a7250                __aeabi_ldiv0
 .text          0x082a7254      0x298 tools\gcc\win\gcc-arm-none-eabi/lib/gcc/arm-none-eabi/4.8.3/armv7e-m/fpu/libgcc.a(_divdi3.o)
                0x082a7254                __divdi3
 .text          0x082a74ec      0x284 tools\gcc\win\gcc-arm-none-eabi/lib/gcc/arm-none-eabi/4.8.3/armv7e-m/fpu/libgcc.a(_udivdi3.o)
                0x082a74ec                __udivdi3

.glue_7         0x082a7770        0x0
 .glue_7        0x00000000        0x0 linker stubs

.glue_7t        0x082a7770        0x0
 .glue_7t       0x00000000        0x0 linker stubs

.vfp11_veneer   0x082a7770        0x0
 .vfp11_veneer  0x00000000        0x0 linker stubs

.v4_bx          0x082a7770        0x0
 .v4_bx         0x00000000        0x0 linker stubs

.iplt           0x082a7770        0x0
 .iplt          0x00000000        0x0 build\gcc\obj/App/Pluto-Switch3-V1.0/config/custom_sys_cfg.o

.rodata         0x082a7770       0x37
                0x082a7770                . = ALIGN (0x4)
 *(.rodata)
 .rodata        0x082a7770        0xb build\gcc\obj/ril/src/ril_network.o
 .rodata        0x082a777b       0x16 libs/gcc/app_start.lib(ql_main.o)
 .rodata        0x082a7791       0x16 libs/gcc/app_start.lib(system.o)
                0x082aa960                __data_load = LOADADDR (.data)

.rodata.appEnableCfg
                0x082a77a8        0x4
 .rodata.appEnableCfg
                0x082a77a8        0x4 build\gcc\obj/App/Pluto-Switch3-V1.0/config/custom_sys_cfg.o

.rodata.debugPortCfg
                0x082a77ac        0x1
 .rodata.debugPortCfg
                0x082a77ac        0x1 build\gcc\obj/App/Pluto-Switch3-V1.0/config/custom_sys_cfg.o

.rodata.debugPortSet
                0x082a77ad        0x2
 .rodata.debugPortSet
                0x082a77ad        0x2 build\gcc\obj/App/Pluto-Switch3-V1.0/config/custom_sys_cfg.o

.rodata.SystemCfg
                0x082a77b0       0x30
 .rodata.SystemCfg
                0x082a77b0       0x30 build\gcc\obj/App/Pluto-Switch3-V1.0/config/custom_sys_cfg.o
                0x082a77b0                SystemCfg

.rodata.GpioConfigTbl
                0x082a77e0        0x4
 .rodata.GpioConfigTbl
                0x082a77e0        0x4 build\gcc\obj/App/Pluto-Switch3-V1.0/config/sys_config.o
                0x082a77e0                GpioConfigTbl

.rodata.TaskConfig
                0x082a77e4       0x78
 .rodata.TaskConfig
                0x082a77e4       0x78 build\gcc\obj/App/Pluto-Switch3-V1.0/config/sys_config.o
                0x082a77e4                TaskConfig

.rodata.str1.1  0x082a785c     0x237c
 .rodata.str1.1